Archive member included to satisfy reference by file (symbol)

C:/ST/STM32CubeIDE_1.14.0/STM32CubeIDE/plugins/com.st.stm32cube.ide.mcu.externaltools.gnu-tools-for-stm32.11.3.rel1.win32_1.1.100.202309141235/tools/bin/../lib/gcc/arm-none-eabi/11.3.1/../../../../arm-none-eabi/lib/thumb/v7e-m+fp/hard\libc_nano.a(libc_a-exit.o)
                              C:/ST/STM32CubeIDE_1.14.0/STM32CubeIDE/plugins/com.st.stm32cube.ide.mcu.externaltools.gnu-tools-for-stm32.11.3.rel1.win32_1.1.100.202309141235/tools/bin/../lib/gcc/arm-none-eabi/11.3.1/../../../../arm-none-eabi/lib/thumb/v7e-m+fp/hard/crt0.o (exit)
C:/ST/STM32CubeIDE_1.14.0/STM32CubeIDE/plugins/com.st.stm32cube.ide.mcu.externaltools.gnu-tools-for-stm32.11.3.rel1.win32_1.1.100.202309141235/tools/bin/../lib/gcc/arm-none-eabi/11.3.1/../../../../arm-none-eabi/lib/thumb/v7e-m+fp/hard\libc_nano.a(libc_a-rand.o)
                              ./Core/Src/board.o (rand)
C:/ST/STM32CubeIDE_1.14.0/STM32CubeIDE/plugins/com.st.stm32cube.ide.mcu.externaltools.gnu-tools-for-stm32.11.3.rel1.win32_1.1.100.202309141235/tools/bin/../lib/gcc/arm-none-eabi/11.3.1/../../../../arm-none-eabi/lib/thumb/v7e-m+fp/hard\libc_nano.a(libc_a-findfp.o)
                              C:/ST/STM32CubeIDE_1.14.0/STM32CubeIDE/plugins/com.st.stm32cube.ide.mcu.externaltools.gnu-tools-for-stm32.11.3.rel1.win32_1.1.100.202309141235/tools/bin/../lib/gcc/arm-none-eabi/11.3.1/../../../../arm-none-eabi/lib/thumb/v7e-m+fp/hard\libc_nano.a(libc_a-exit.o) (__stdio_exit_handler)
C:/ST/STM32CubeIDE_1.14.0/STM32CubeIDE/plugins/com.st.stm32cube.ide.mcu.externaltools.gnu-tools-for-stm32.11.3.rel1.win32_1.1.100.202309141235/tools/bin/../lib/gcc/arm-none-eabi/11.3.1/../../../../arm-none-eabi/lib/thumb/v7e-m+fp/hard\libc_nano.a(libc_a-fwalk.o)
                              C:/ST/STM32CubeIDE_1.14.0/STM32CubeIDE/plugins/com.st.stm32cube.ide.mcu.externaltools.gnu-tools-for-stm32.11.3.rel1.win32_1.1.100.202309141235/tools/bin/../lib/gcc/arm-none-eabi/11.3.1/../../../../arm-none-eabi/lib/thumb/v7e-m+fp/hard\libc_nano.a(libc_a-findfp.o) (_fwalk_sglue)
C:/ST/STM32CubeIDE_1.14.0/STM32CubeIDE/plugins/com.st.stm32cube.ide.mcu.externaltools.gnu-tools-for-stm32.11.3.rel1.win32_1.1.100.202309141235/tools/bin/../lib/gcc/arm-none-eabi/11.3.1/../../../../arm-none-eabi/lib/thumb/v7e-m+fp/hard\libc_nano.a(libc_a-stdio.o)
                              C:/ST/STM32CubeIDE_1.14.0/STM32CubeIDE/plugins/com.st.stm32cube.ide.mcu.externaltools.gnu-tools-for-stm32.11.3.rel1.win32_1.1.100.202309141235/tools/bin/../lib/gcc/arm-none-eabi/11.3.1/../../../../arm-none-eabi/lib/thumb/v7e-m+fp/hard\libc_nano.a(libc_a-findfp.o) (__sread)
C:/ST/STM32CubeIDE_1.14.0/STM32CubeIDE/plugins/com.st.stm32cube.ide.mcu.externaltools.gnu-tools-for-stm32.11.3.rel1.win32_1.1.100.202309141235/tools/bin/../lib/gcc/arm-none-eabi/11.3.1/../../../../arm-none-eabi/lib/thumb/v7e-m+fp/hard\libc_nano.a(libc_a-memset.o)
                              C:/ST/STM32CubeIDE_1.14.0/STM32CubeIDE/plugins/com.st.stm32cube.ide.mcu.externaltools.gnu-tools-for-stm32.11.3.rel1.win32_1.1.100.202309141235/tools/bin/../lib/gcc/arm-none-eabi/11.3.1/../../../../arm-none-eabi/lib/thumb/v7e-m+fp/hard/crt0.o (memset)
C:/ST/STM32CubeIDE_1.14.0/STM32CubeIDE/plugins/com.st.stm32cube.ide.mcu.externaltools.gnu-tools-for-stm32.11.3.rel1.win32_1.1.100.202309141235/tools/bin/../lib/gcc/arm-none-eabi/11.3.1/../../../../arm-none-eabi/lib/thumb/v7e-m+fp/hard\libc_nano.a(libc_a-closer.o)
                              C:/ST/STM32CubeIDE_1.14.0/STM32CubeIDE/plugins/com.st.stm32cube.ide.mcu.externaltools.gnu-tools-for-stm32.11.3.rel1.win32_1.1.100.202309141235/tools/bin/../lib/gcc/arm-none-eabi/11.3.1/../../../../arm-none-eabi/lib/thumb/v7e-m+fp/hard\libc_nano.a(libc_a-stdio.o) (_close_r)
C:/ST/STM32CubeIDE_1.14.0/STM32CubeIDE/plugins/com.st.stm32cube.ide.mcu.externaltools.gnu-tools-for-stm32.11.3.rel1.win32_1.1.100.202309141235/tools/bin/../lib/gcc/arm-none-eabi/11.3.1/../../../../arm-none-eabi/lib/thumb/v7e-m+fp/hard\libc_nano.a(libc_a-reent.o)
                              C:/ST/STM32CubeIDE_1.14.0/STM32CubeIDE/plugins/com.st.stm32cube.ide.mcu.externaltools.gnu-tools-for-stm32.11.3.rel1.win32_1.1.100.202309141235/tools/bin/../lib/gcc/arm-none-eabi/11.3.1/../../../../arm-none-eabi/lib/thumb/v7e-m+fp/hard\libc_nano.a(libc_a-closer.o) (errno)
C:/ST/STM32CubeIDE_1.14.0/STM32CubeIDE/plugins/com.st.stm32cube.ide.mcu.externaltools.gnu-tools-for-stm32.11.3.rel1.win32_1.1.100.202309141235/tools/bin/../lib/gcc/arm-none-eabi/11.3.1/../../../../arm-none-eabi/lib/thumb/v7e-m+fp/hard\libc_nano.a(libc_a-impure.o)
                              C:/ST/STM32CubeIDE_1.14.0/STM32CubeIDE/plugins/com.st.stm32cube.ide.mcu.externaltools.gnu-tools-for-stm32.11.3.rel1.win32_1.1.100.202309141235/tools/bin/../lib/gcc/arm-none-eabi/11.3.1/../../../../arm-none-eabi/lib/thumb/v7e-m+fp/hard\libc_nano.a(libc_a-rand.o) (_impure_ptr)
[...]
Memory Configuration

Name             Origin             Length             Attributes
RAM              0x0000000020000000 0x0000000000050000 xrw
FLASH            0x0000000008000000 0x0000000000100000 xr
*default*        0x0000000000000000 0xffffffffffffffff

Linker script and memory map

LOAD C:/ST/STM32CubeIDE_1.14.0/STM32CubeIDE/plugins/com.st.stm32cube.ide.mcu.externaltools.gnu-tools-for-stm32.11.3.rel1.win32_1.1.100.202309141235/tools/bin/../lib/gcc/arm-none-eabi/11.3.1/thumb/v7e-m+fp/hard/crti.o
LOAD C:/ST/STM32CubeIDE_1.14.0/STM32CubeIDE/plugins/com.st.stm32cube.ide.mcu.externaltools.gnu-tools-for-stm32.11.3.rel1.win32_1.1.100.202309141235/tools/bin/../lib/gcc/arm-none-eabi/11.3.1/thumb/v7e-m+fp/hard/crtbegin.o
LOAD C:/ST/STM32CubeIDE_1.14.0/STM32CubeIDE/plugins/com.st.stm32cube.ide.mcu.externaltools.gnu-tools-for-stm32.11.3.rel1.win32_1.1.100.202309141235/tools/bin/../lib/gcc/arm-none-eabi/11.3.1/../../../../arm-none-eabi/lib/thumb/v7e-m+fp/hard/crt0.o
LOAD ./Core/Src/board.o
LOAD ./Core/Src/main.o
LOAD ./Core/Src/pieces.o
LOAD ./Core/Src/stm32f7xx_hal_msp.o
LOAD ./Core/Src/stm32f7xx_it.o
LOAD ./Core/Src/syscalls.o
LOAD ./Core/Src/sysmem.o
LOAD ./Core/Src/system_stm32f7xx.o
LOAD ./Core/Src/tetris.o
LOAD ./Core/Src/ugui.o
LOAD ./Core/Src/ugui_SSD1963.o
LOAD ./Core/Startup/startup_stm32f746zgtx.o
LOAD ./Drivers/STM32F7xx_HAL_Driver/Src/stm32f7xx_hal.o
LOAD ./Drivers/STM32F7xx_HAL_Driver/Src/stm32f7xx_hal_adc.o
LOAD ./Drivers/STM32F7xx_HAL_Driver/Src/stm32f7xx_hal_adc_ex.o
LOAD ./Drivers/STM32F7xx_HAL_Driver/Src/stm32f7xx_hal_can.o
LOAD ./Drivers/STM32F7xx_HAL_Driver/Src/stm32f7xx_hal_cortex.o
LOAD ./Drivers/STM32F7xx_HAL_Driver/Src/stm32f7xx_hal_dma.o
LOAD ./Drivers/STM32F7xx_HAL_Driver/Src/stm32f7xx_hal_dma_ex.o
LOAD ./Drivers/STM32F7xx_HAL_Driver/Src/stm32f7xx_hal_exti.o
LOAD ./Drivers/STM32F7xx_HAL_Driver/Src/stm32f7xx_hal_flash.o
LOAD ./Drivers/STM32F7xx_HAL_Driver/Src/stm32f7xx_hal_flash_ex.o
LOAD ./Drivers/STM32F7xx_HAL_Driver/Src/stm32f7xx_hal_gpio.o
LOAD ./Drivers/STM32F7xx_HAL_Driver/Src/stm32f7xx_hal_i2c.o
LOAD ./Drivers/STM32F7xx_HAL_Driver/Src/stm32f7xx_hal_i2c_ex.o
LOAD ./Drivers/STM32F7xx_HAL_Driver/Src/stm32f7xx_hal_pwr.o
LOAD ./Drivers/STM32F7xx_HAL_Driver/Src/stm32f7xx_hal_pwr_ex.o
LOAD ./Drivers/STM32F7xx_HAL_Driver/Src/stm32f7xx_hal_rcc.o
LOAD ./Drivers/STM32F7xx_HAL_Driver/Src/stm32f7xx_hal_rcc_ex.o
LOAD ./Drivers/STM32F7xx_HAL_Driver/Src/stm32f7xx_hal_sd.o
LOAD ./Drivers/STM32F7xx_HAL_Driver/Src/stm32f7xx_hal_sram.o
LOAD ./Drivers/STM32F7xx_HAL_Driver/Src/stm32f7xx_hal_tim.o
LOAD ./Drivers/STM32F7xx_HAL_Driver/Src/stm32f7xx_hal_tim_ex.o
LOAD ./Drivers/STM32F7xx_HAL_Driver/Src/stm32f7xx_hal_uart.o
LOAD ./Drivers/STM32F7xx_HAL_Driver/Src/stm32f7xx_hal_uart_ex.o
LOAD ./Drivers/STM32F7xx_HAL_Driver/Src/stm32f7xx_ll_fmc.o
LOAD ./Drivers/STM32F7xx_HAL_Driver/Src/stm32f7xx_ll_sdmmc.o
START GROUP
LOAD C:/ST/STM32CubeIDE_1.14.0/STM32CubeIDE/plugins/com.st.stm32cube.ide.mcu.externaltools.gnu-tools-for-stm32.11.3.rel1.win32_1.1.100.202309141235/tools/bin/../lib/gcc/arm-none-eabi/11.3.1/../../../../arm-none-eabi/lib/thumb/v7e-m+fp/hard\libc_nano.a
LOAD C:/ST/STM32CubeIDE_1.14.0/STM32CubeIDE/plugins/com.st.stm32cube.ide.mcu.externaltools.gnu-tools-for-stm32.11.3.rel1.win32_1.1.100.202309141235/tools/bin/../lib/gcc/arm-none-eabi/11.3.1/../../../../arm-none-eabi/lib/thumb/v7e-m+fp/hard\libm.a
END GROUP
START GROUP
LOAD C:/ST/STM32CubeIDE_1.14.0/STM32CubeIDE/plugins/com.st.stm32cube.ide.mcu.externaltools.gnu-tools-for-stm32.11.3.rel1.win32_1.1.100.202309141235/tools/bin/../lib/gcc/arm-none-eabi/11.3.1/thumb/v7e-m+fp/hard\libgcc.a
LOAD C:/ST/STM32CubeIDE_1.14.0/STM32CubeIDE/plugins/com.st.stm32cube.ide.mcu.externaltools.gnu-tools-for-stm32.11.3.rel1.win32_1.1.100.202309141235/tools/bin/../lib/gcc/arm-none-eabi/11.3.1/../../../../arm-none-eabi/lib/thumb/v7e-m+fp/hard\libc_nano.a
END GROUP
START GROUP
LOAD C:/ST/STM32CubeIDE_1.14.0/STM32CubeIDE/plugins/com.st.stm32cube.ide.mcu.externaltools.gnu-tools-for-stm32.11.3.rel1.win32_1.1.100.202309141235/tools/bin/../lib/gcc/arm-none-eabi/11.3.1/thumb/v7e-m+fp/hard\libgcc.a
LOAD C:/ST/STM32CubeIDE_1.14.0/STM32CubeIDE/plugins/com.st.stm32cube.ide.mcu.externaltools.gnu-tools-for-stm32.11.3.rel1.win32_1.1.100.202309141235/tools/bin/../lib/gcc/arm-none-eabi/11.3.1/../../../../arm-none-eabi/lib/thumb/v7e-m+fp/hard\libc_nano.a
LOAD C:/ST/STM32CubeIDE_1.14.0/STM32CubeIDE/plugins/com.st.stm32cube.ide.mcu.externaltools.gnu-tools-for-stm32.11.3.rel1.win32_1.1.100.202309141235/tools/bin/../lib/gcc/arm-none-eabi/11.3.1/../../../../arm-none-eabi/lib/thumb/v7e-m+fp/hard\libnosys.a
END GROUP
START GROUP
LOAD C:/ST/STM32CubeIDE_1.14.0/STM32CubeIDE/plugins/com.st.stm32cube.ide.mcu.externaltools.gnu-tools-for-stm32.11.3.rel1.win32_1.1.100.202309141235/tools/bin/../lib/gcc/arm-none-eabi/11.3.1/thumb/v7e-m+fp/hard\libgcc.a
LOAD C:/ST/STM32CubeIDE_1.14.0/STM32CubeIDE/plugins/com.st.stm32cube.ide.mcu.externaltools.gnu-tools-for-stm32.11.3.rel1.win32_1.1.100.202309141235/tools/bin/../lib/gcc/arm-none-eabi/11.3.1/../../../../arm-none-eabi/lib/thumb/v7e-m+fp/hard\libc_nano.a
LOAD C:/ST/STM32CubeIDE_1.14.0/STM32CubeIDE/plugins/com.st.stm32cube.ide.mcu.externaltools.gnu-tools-for-stm32.11.3.rel1.win32_1.1.100.202309141235/tools/bin/../lib/gcc/arm-none-eabi/11.3.1/../../../../arm-none-eabi/lib/thumb/v7e-m+fp/hard\libnosys.a
END GROUP
LOAD C:/ST/STM32CubeIDE_1.14.0/STM32CubeIDE/plugins/com.st.stm32cube.ide.mcu.externaltools.gnu-tools-for-stm32.11.3.rel1.win32_1.1.100.202309141235/tools/bin/../lib/gcc/arm-none-eabi/11.3.1/thumb/v7e-m+fp/hard/crtend.o
LOAD C:/ST/STM32CubeIDE_1.14.0/STM32CubeIDE/plugins/com.st.stm32cube.ide.mcu.externaltools.gnu-tools-for-stm32.11.3.rel1.win32_1.1.100.202309141235/tools/bin/../lib/gcc/arm-none-eabi/11.3.1/thumb/v7e-m+fp/hard/crtn.o
                0x0000000020050000                _estack = (ORIGIN (RAM) + LENGTH (RAM))
                0x0000000000000200                _Min_Heap_Size = 0x200
                0x0000000000000400                _Min_Stack_Size = 0x400

.isr_vector     0x0000000008000000      0x1c8
                0x0000000008000000                . = ALIGN (0x4)
 *(.isr_vector)
 .isr_vector    0x0000000008000000      0x1c8 ./Core/Startup/startup_stm32f746zgtx.o
                0x0000000008000000                g_pfnVectors
                0x00000000080001c8                . = ALIGN (0x4)

.text           0x00000000080001d0     0x8e74
                0x00000000080001d0                . = ALIGN (0x4)
 *(.text)
 .text          0x00000000080001d0       0x40 C:/ST/STM32CubeIDE_1.14.0/STM32CubeIDE/plugins/com.st.stm32cube.ide.mcu.externaltools.gnu-tools-for-stm32.11.3.rel1.win32_1.1.100.202309141235/tools/bin/../lib/gcc/arm-none-eabi/11.3.1/thumb/v7e-m+fp/hard/crtbegin.o
 .text          0x0000000008000210       0xa0 C:/ST/STM32CubeIDE_1.14.0/STM32CubeIDE/plugins/com.st.stm32cube.ide.mcu.externaltools.gnu-tools-for-stm32.11.3.rel1.win32_1.1.100.202309141235/tools/bin/../lib/gcc/arm-none-eabi/11.3.1/../../../../arm-none-eabi/lib/thumb/v7e-m+fp/hard\libc_nano.a(libc_a-memchr.o)
                0x0000000008000210                memchr
 .text          0x00000000080002b0       0x30 C:/ST/STM32CubeIDE_1.14.0/STM32CubeIDE/plugins/com.st.stm32cube.ide.mcu.externaltools.gnu-tools-for-stm32.11.3.rel1.win32_1.1.100.202309141235/tools/bin/../lib/gcc/arm-none-eabi/11.3.1/thumb/v7e-m+fp/hard\libgcc.a(_aeabi_uldivmod.o)
                0x00000000080002b0                __aeabi_uldivmod
 .text          0x00000000080002e0      0x2c8 C:/ST/STM32CubeIDE_1.14.0/STM32CubeIDE/plugins/com.st.stm32cube.ide.mcu.externaltools.gnu-tools-for-stm32.11.3.rel1.win32_1.1.100.202309141235/tools/bin/../lib/gcc/arm-none-eabi/11.3.1/thumb/v7e-m+fp/hard\libgcc.a(_udivmoddi4.o)
                0x00000000080002e0                __udivmoddi4
 .text          0x00000000080005a8        0x4 C:/ST/STM32CubeIDE_1.14.0/STM32CubeIDE/plugins/com.st.stm32cube.ide.mcu.externaltools.gnu-tools-for-stm32.11.3.rel1.win32_1.1.100.202309141235/tools/bin/../lib/gcc/arm-none-eabi/11.3.1/thumb/v7e-m+fp/hard\libgcc.a(_dvmd_tls.o)
                0x00000000080005a8                __aeabi_idiv0
                0x00000000080005a8                __aeabi_ldiv0
 *(.text*)
 .text.HAL_GPIO_EXTI_Callback
                0x00000000080005ac       0x64 ./Core/Src/board.o
                0x00000000080005ac                HAL_GPIO_EXTI_Callback
 .text.clear_input
                0x0000000008000610       0x2c ./Core/Src/board.o
                0x0000000008000610                clear_input
 .text.piece_cell
                0x000000000800063c       0x48 ./Core/Src/board.o
                0x000000000800063c                piece_cell
 .text.board_cell
                0x0000000008000684       0x4a ./Core/Src/board.o
                0x0000000008000684                board_cell
 .text.init_board
                0x00000000080006ce       0x52 ./Core/Src/board.o
                0x00000000080006ce                init_board
 .text.pos_possible
                0x0000000008000720       0x7c ./Core/Src/board.o
                0x0000000008000720                pos_possible
 .text.integrate_piece
                0x000000000800079c       0xa6 ./Core/Src/board.o
                0x000000000800079c                integrate_piece
 .text.move_piece
                0x0000000008000842       0x7a ./Core/Src/board.o
                0x0000000008000842                move_piece
 .text.rotate_piece
                0x00000000080008bc       0x6e ./Core/Src/board.o
                0x00000000080008bc                rotate_piece
 *fill*         0x000000000800092a        0x2 
 .text.player_move
                0x000000000800092c       0x68 ./Core/Src/board.o
                0x000000000800092c                player_move
 .text.board_update
                0x0000000008000994       0x62 ./Core/Src/board.o
                0x0000000008000994                board_update
 *fill*         0x00000000080009f6        0x2 
 .text.new_piece
                0x00000000080009f8       0x98 ./Core/Src/board.o
                0x00000000080009f8                new_piece
 .text.clear_rows
                0x0000000008000a90       0xf4 ./Core/Src/board.o
                0x0000000008000a90                clear_rows
 .text.collapse_board
                0x0000000008000b84       0x62 ./Core/Src/board.o
                0x0000000008000b84                collapse_board
 .text.row_full
                0x0000000008000be6       0x48 ./Core/Src/board.o
                0x0000000008000be6                row_full
 .text.row_empty
                0x0000000008000c2e       0x48 ./Core/Src/board.o
                0x0000000008000c2e                row_empty
 .text.topped_out
                0x0000000008000c76       0x3c ./Core/Src/board.o
                0x0000000008000c76                topped_out
 *fill*         0x0000000008000cb2        0x2 
 .text.__NVIC_EnableIRQ
                0x0000000008000cb4       0x3c ./Core/Src/main.o
 .text.main     0x0000000008000cf0       0x4a ./Core/Src/main.o
                0x0000000008000cf0                main
 *fill*         0x0000000008000d3a        0x2 
 .text.SystemClock_Config
                0x0000000008000d3c       0xd8 ./Core/Src/main.o
                0x0000000008000d3c                SystemClock_Config
 .text.MX_ADC1_Init
                0x0000000008000e14       0xd4 ./Core/Src/main.o
 .text.MX_ADC3_Init
                0x0000000008000ee8       0xbc ./Core/Src/main.o
 .text.MX_CAN1_Init
                0x0000000008000fa4       0xd0 ./Core/Src/main.o
 .text.MX_CAN2_Init
                0x0000000008001074       0x6c ./Core/Src/main.o
 .text.MX_SDMMC1_SD_Init
                0x00000000080010e0       0x60 ./Core/Src/main.o
 .text.MX_TIM2_Init
                0x0000000008001140       0xac ./Core/Src/main.o
 .text.MX_TIM4_Init
                0x00000000080011ec       0xb0 ./Core/Src/main.o
 .text.MX_TIM7_Init
                0x000000000800129c       0x74 ./Core/Src/main.o
 .text.MX_UART4_Init
                0x0000000008001310       0x60 ./Core/Src/main.o
 .text.MX_UART7_Init
                0x0000000008001370       0x60 ./Core/Src/main.o
 .text.MX_USART3_UART_Init
                0x00000000080013d0       0x60 ./Core/Src/main.o
 .text.MX_DMA_Init
                0x0000000008001430       0x4c ./Core/Src/main.o
 .text.MX_FMC_Init
                0x000000000800147c       0xc4 ./Core/Src/main.o
 .text.MX_GPIO_Init
                0x0000000008001540      0x1c0 ./Core/Src/main.o
 .text.Error_Handler
                0x0000000008001700       0x18 ./Core/Src/main.o
                0x0000000008001700                Error_Handler
 .text.get_piece_proto
                0x0000000008001718       0x78 ./Core/Src/pieces.o
                0x0000000008001718                get_piece_proto
 .text.HAL_MspInit
                0x0000000008001790       0x48 ./Core/Src/stm32f7xx_hal_msp.o
                0x0000000008001790                HAL_MspInit
 .text.HAL_ADC_MspInit
                0x00000000080017d8      0x1b0 ./Core/Src/stm32f7xx_hal_msp.o
                0x00000000080017d8                HAL_ADC_MspInit
 .text.HAL_CAN_MspInit
                0x0000000008001988      0x140 ./Core/Src/stm32f7xx_hal_msp.o
                0x0000000008001988                HAL_CAN_MspInit
 .text.HAL_SD_MspInit
                0x0000000008001ac8      0x10c ./Core/Src/stm32f7xx_hal_msp.o
                0x0000000008001ac8                HAL_SD_MspInit
 .text.HAL_TIM_Base_MspInit
                0x0000000008001bd4      0x120 ./Core/Src/stm32f7xx_hal_msp.o
                0x0000000008001bd4                HAL_TIM_Base_MspInit
 .text.HAL_UART_MspInit
                0x0000000008001cf4      0x1d8 ./Core/Src/stm32f7xx_hal_msp.o
                0x0000000008001cf4                HAL_UART_MspInit
 .text.HAL_FMC_MspInit
                0x0000000008001ecc       0xb8 ./Core/Src/stm32f7xx_hal_msp.o
 .text.HAL_SRAM_MspInit
                0x0000000008001f84       0x14 ./Core/Src/stm32f7xx_hal_msp.o
                0x0000000008001f84                HAL_SRAM_MspInit
 .text.NMI_Handler
                0x0000000008001f98        0x6 ./Core/Src/stm32f7xx_it.o
                0x0000000008001f98                NMI_Handler
 .text.HardFault_Handler
                0x0000000008001f9e        0x6 ./Core/Src/stm32f7xx_it.o
                0x0000000008001f9e                HardFault_Handler
 .text.MemManage_Handler
                0x0000000008001fa4        0x6 ./Core/Src/stm32f7xx_it.o
                0x0000000008001fa4                MemManage_Handler
 .text.BusFault_Handler
                0x0000000008001faa        0x6 ./Core/Src/stm32f7xx_it.o
                0x0000000008001faa                BusFault_Handler
 .text.UsageFault_Handler
                0x0000000008001fb0        0x6 ./Core/Src/stm32f7xx_it.o
                0x0000000008001fb0                UsageFault_Handler
 .text.SVC_Handler
                0x0000000008001fb6        0xe ./Core/Src/stm32f7xx_it.o
                0x0000000008001fb6                SVC_Handler
 .text.DebugMon_Handler
                0x0000000008001fc4        0xe ./Core/Src/stm32f7xx_it.o
                0x0000000008001fc4                DebugMon_Handler
 .text.PendSV_Handler
                0x0000000008001fd2        0xe ./Core/Src/stm32f7xx_it.o
                0x0000000008001fd2                PendSV_Handler
 .text.SysTick_Handler
                0x0000000008001fe0        0xc ./Core/Src/stm32f7xx_it.o
                0x0000000008001fe0                SysTick_Handler
 .text.CAN1_RX0_IRQHandler
                0x0000000008001fec       0x14 ./Core/Src/stm32f7xx_it.o
                0x0000000008001fec                CAN1_RX0_IRQHandler
 .text.EXTI9_5_IRQHandler
                0x0000000008002000       0x10 ./Core/Src/stm32f7xx_it.o
                0x0000000008002000                EXTI9_5_IRQHandler
 .text.EXTI15_10_IRQHandler
                0x0000000008002010       0x20 ./Core/Src/stm32f7xx_it.o
                0x0000000008002010                EXTI15_10_IRQHandler
 .text.TIM7_IRQHandler
                0x0000000008002030       0x14 ./Core/Src/stm32f7xx_it.o
                0x0000000008002030                TIM7_IRQHandler
 .text.DMA2_Stream0_IRQHandler
                0x0000000008002044       0x14 ./Core/Src/stm32f7xx_it.o
                0x0000000008002044                DMA2_Stream0_IRQHandler
 .text.DMA2_Stream1_IRQHandler
                0x0000000008002058       0x14 ./Core/Src/stm32f7xx_it.o
                0x0000000008002058                DMA2_Stream1_IRQHandler
 .text._getpid  0x000000000800206c       0x10 ./Core/Src/syscalls.o
                0x000000000800206c                _getpid
 .text._kill    0x000000000800207c       0x20 ./Core/Src/syscalls.o
                0x000000000800207c                _kill
 .text._exit    0x000000000800209c       0x14 ./Core/Src/syscalls.o
                0x000000000800209c                _exit
 .text._read    0x00000000080020b0       0x3a ./Core/Src/syscalls.o
                0x00000000080020b0                _read
 .text._write   0x00000000080020ea       0x38 ./Core/Src/syscalls.o
                0x00000000080020ea                _write
 .text._close   0x0000000008002122       0x18 ./Core/Src/syscalls.o
                0x0000000008002122                _close
 .text._fstat   0x000000000800213a       0x20 ./Core/Src/syscalls.o
                0x000000000800213a                _fstat
 .text._isatty  0x000000000800215a       0x16 ./Core/Src/syscalls.o
                0x000000000800215a                _isatty
 .text._lseek   0x0000000008002170       0x1a ./Core/Src/syscalls.o
                0x0000000008002170                _lseek
 *fill*         0x000000000800218a        0x2 
 .text._sbrk    0x000000000800218c       0x6c ./Core/Src/sysmem.o
                0x000000000800218c                _sbrk
 .text.SystemInit
                0x00000000080021f8       0x24 ./Core/Src/system_stm32f7xx.o
                0x00000000080021f8                SystemInit
 .text.Tetris   0x000000000800221c       0x5c ./Core/Src/tetris.o
                0x000000000800221c                Tetris
 .text.UG_PutString
                0x0000000008002278      0x10c ./Core/Src/ugui.o
                0x0000000008002278                UG_PutString
 .text.UG_PutChar
                0x0000000008002384       0x48 ./Core/Src/ugui.o
                0x0000000008002384                UG_PutChar
 .text._UG_PutChar
                0x00000000080023cc      0x530 ./Core/Src/ugui.o
                0x00000000080023cc                _UG_PutChar
 .text.SSD1963_WindowSet
                0x00000000080028fc       0x92 ./Core/Src/ugui_SSD1963.o
                0x00000000080028fc                SSD1963_WindowSet
 .text.SSD1963_WriteMemoryStart
                0x000000000800298e        0xe ./Core/Src/ugui_SSD1963.o
                0x000000000800298e                SSD1963_WriteMemoryStart
 .text.SSD1963_ConsecutivePSet
                0x000000000800299c       0x1a ./Core/Src/ugui_SSD1963.o
                0x000000000800299c                SSD1963_ConsecutivePSet
 .text.write_command
                0x00000000080029b6       0x34 ./Core/Src/ugui_SSD1963.o
                0x00000000080029b6                write_command
 *fill*         0x00000000080029ea        0x2 
 .text.write_data
                0x00000000080029ec       0x34 ./Core/Src/ugui_SSD1963.o
                0x00000000080029ec                write_data
 .text.write_multi_data
                0x0000000008002a20       0x5c ./Core/Src/ugui_SSD1963.o
                0x0000000008002a20                write_multi_data
 .text.Reset_Handler
                0x0000000008002a7c       0x50 ./Core/Startup/startup_stm32f746zgtx.o
                0x0000000008002a7c                Reset_Handler
 .text.Default_Handler
                0x0000000008002acc        0x2 ./Core/Startup/startup_stm32f746zgtx.o
                0x0000000008002acc                RTC_Alarm_IRQHandler
                0x0000000008002acc                EXTI2_IRQHandler
                0x0000000008002acc                TIM8_CC_IRQHandler
                0x0000000008002acc                UART8_IRQHandler
                0x0000000008002acc                SPI4_IRQHandler
                0x0000000008002acc                TIM1_CC_IRQHandler
                0x0000000008002acc                DMA2_Stream5_IRQHandler
                0x0000000008002acc                DMA1_Stream5_IRQHandler
                0x0000000008002acc                PVD_IRQHandler
                0x0000000008002acc                TAMP_STAMP_IRQHandler
                0x0000000008002acc                CAN2_RX1_IRQHandler
                0x0000000008002acc                EXTI3_IRQHandler
                0x0000000008002acc                TIM8_TRG_COM_TIM14_IRQHandler
                0x0000000008002acc                TIM1_UP_TIM10_IRQHandler
                0x0000000008002acc                TIM8_UP_TIM13_IRQHandler
                0x0000000008002acc                I2C3_ER_IRQHandler
                0x0000000008002acc                EXTI0_IRQHandler
                0x0000000008002acc                I2C2_EV_IRQHandler
                0x0000000008002acc                DMA1_Stream2_IRQHandler
                0x0000000008002acc                FPU_IRQHandler
                0x0000000008002acc                OTG_HS_WKUP_IRQHandler
                0x0000000008002acc                LTDC_ER_IRQHandler
                0x0000000008002acc                CAN2_SCE_IRQHandler
                0x0000000008002acc                DMA2_Stream2_IRQHandler
                0x0000000008002acc                SPI1_IRQHandler
                0x0000000008002acc                TIM6_DAC_IRQHandler
                0x0000000008002acc                TIM1_BRK_TIM9_IRQHandler
                0x0000000008002acc                DCMI_IRQHandler
                0x0000000008002acc                CAN2_RX0_IRQHandler
                0x0000000008002acc                DMA2_Stream3_IRQHandler
                0x0000000008002acc                SAI2_IRQHandler
                0x0000000008002acc                USART6_IRQHandler
                0x0000000008002acc                USART3_IRQHandler
                0x0000000008002acc                CAN1_RX1_IRQHandler
                0x0000000008002acc                UART5_IRQHandler
                0x0000000008002acc                TIM4_IRQHandler
                0x0000000008002acc                QUADSPI_IRQHandler
                0x0000000008002acc                I2C1_EV_IRQHandler
                0x0000000008002acc                DMA1_Stream6_IRQHandler
                0x0000000008002acc                DMA1_Stream1_IRQHandler
                0x0000000008002acc                UART4_IRQHandler
                0x0000000008002acc                TIM3_IRQHandler
                0x0000000008002acc                RCC_IRQHandler
                0x0000000008002acc                TIM8_BRK_TIM12_IRQHandler
                0x0000000008002acc                Default_Handler
                0x0000000008002acc                CEC_IRQHandler
                0x0000000008002acc                ADC_IRQHandler
                0x0000000008002acc                DMA1_Stream7_IRQHandler
                0x0000000008002acc                SPI5_IRQHandler
                0x0000000008002acc                SDMMC1_IRQHandler
                0x0000000008002acc                CAN2_TX_IRQHandler
                0x0000000008002acc                TIM5_IRQHandler
                0x0000000008002acc                DMA2_Stream7_IRQHandler
                0x0000000008002acc                I2C3_EV_IRQHandler
                0x0000000008002acc                RTC_WKUP_IRQHandler
                0x0000000008002acc                LTDC_IRQHandler
                0x0000000008002acc                ETH_WKUP_IRQHandler
                0x0000000008002acc                SPDIF_RX_IRQHandler
                0x0000000008002acc                SPI2_IRQHandler
                0x0000000008002acc                OTG_HS_EP1_IN_IRQHandler
                0x0000000008002acc                DMA1_Stream0_IRQHandler
                0x0000000008002acc                CAN1_TX_IRQHandler
                0x0000000008002acc                EXTI4_IRQHandler
                0x0000000008002acc                RNG_IRQHandler
                0x0000000008002acc                ETH_IRQHandler
                0x0000000008002acc                OTG_HS_EP1_OUT_IRQHandler
                0x0000000008002acc                WWDG_IRQHandler
                0x0000000008002acc                SPI6_IRQHandler
                0x0000000008002acc                I2C4_EV_IRQHandler
                0x0000000008002acc                TIM2_IRQHandler
                0x0000000008002acc                OTG_FS_WKUP_IRQHandler
                0x0000000008002acc                TIM1_TRG_COM_TIM11_IRQHandler
                0x0000000008002acc                OTG_HS_IRQHandler
                0x0000000008002acc                DMA2D_IRQHandler
                0x0000000008002acc                EXTI1_IRQHandler
                0x0000000008002acc                UART7_IRQHandler
                0x0000000008002acc                USART2_IRQHandler
                0x0000000008002acc                I2C2_ER_IRQHandler
                0x0000000008002acc                CAN1_SCE_IRQHandler
                0x0000000008002acc                FLASH_IRQHandler
                0x0000000008002acc                DMA2_Stream4_IRQHandler
                0x0000000008002acc                USART1_IRQHandler
                0x0000000008002acc                OTG_FS_IRQHandler
                0x0000000008002acc                SPI3_IRQHandler
                0x0000000008002acc                DMA1_Stream4_IRQHandler
                0x0000000008002acc                I2C1_ER_IRQHandler
                0x0000000008002acc                FMC_IRQHandler
                0x0000000008002acc                LPTIM1_IRQHandler
                0x0000000008002acc                I2C4_ER_IRQHandler
                0x0000000008002acc                DMA2_Stream6_IRQHandler
                0x0000000008002acc                SAI1_IRQHandler
                0x0000000008002acc                DMA1_Stream3_IRQHandler
 .text.HAL_Init
                0x0000000008002ace       0x1a ./Drivers/STM32F7xx_HAL_Driver/Src/stm32f7xx_hal.o
                0x0000000008002ace                HAL_Init
 .text.HAL_InitTick
                0x0000000008002ae8       0x60 ./Drivers/STM32F7xx_HAL_Driver/Src/stm32f7xx_hal.o
                0x0000000008002ae8                HAL_InitTick
 .text.HAL_IncTick
                0x0000000008002b48       0x28 ./Drivers/STM32F7xx_HAL_Driver/Src/stm32f7xx_hal.o
                0x0000000008002b48                HAL_IncTick
 .text.HAL_GetTick
                0x0000000008002b70       0x18 ./Drivers/STM32F7xx_HAL_Driver/Src/stm32f7xx_hal.o
                0x0000000008002b70                HAL_GetTick
 .text.HAL_Delay
                0x0000000008002b88       0x48 ./Drivers/STM32F7xx_HAL_Driver/Src/stm32f7xx_hal.o
                0x0000000008002b88                HAL_Delay
 .text.HAL_ADC_Init
                0x0000000008002bd0       0x88 ./Drivers/STM32F7xx_HAL_Driver/Src/stm32f7xx_hal_adc.o
                0x0000000008002bd0                HAL_ADC_Init
 .text.HAL_ADC_ConfigChannel
                0x0000000008002c58      0x2ac ./Drivers/STM32F7xx_HAL_Driver/Src/stm32f7xx_hal_adc.o
                0x0000000008002c58                HAL_ADC_ConfigChannel
 .text.ADC_Init
                0x0000000008002f04      0x1f4 ./Drivers/STM32F7xx_HAL_Driver/Src/stm32f7xx_hal_adc.o
 .text.HAL_CAN_Init
                0x00000000080030f8      0x1f6 ./Drivers/STM32F7xx_HAL_Driver/Src/stm32f7xx_hal_can.o
                0x00000000080030f8                HAL_CAN_Init
 *fill*         0x00000000080032ee        0x2 
 .text.HAL_CAN_ConfigFilter
                0x00000000080032f0      0x1c0 ./Drivers/STM32F7xx_HAL_Driver/Src/stm32f7xx_hal_can.o
                0x00000000080032f0                HAL_CAN_ConfigFilter
 .text.HAL_CAN_Start
                0x00000000080034b0       0x88 ./Drivers/STM32F7xx_HAL_Driver/Src/stm32f7xx_hal_can.o
                0x00000000080034b0                HAL_CAN_Start
 .text.HAL_CAN_ActivateNotification
                0x0000000008003538       0x4c ./Drivers/STM32F7xx_HAL_Driver/Src/stm32f7xx_hal_can.o
                0x0000000008003538                HAL_CAN_ActivateNotification
 .text.HAL_CAN_IRQHandler
                0x0000000008003584      0x36e ./Drivers/STM32F7xx_HAL_Driver/Src/stm32f7xx_hal_can.o
                0x0000000008003584                HAL_CAN_IRQHandler
 .text.HAL_CAN_TxMailbox0CompleteCallback
                0x00000000080038f2       0x14 ./Drivers/STM32F7xx_HAL_Driver/Src/stm32f7xx_hal_can.o
                0x00000000080038f2                HAL_CAN_TxMailbox0CompleteCallback
 .text.HAL_CAN_TxMailbox1CompleteCallback
                0x0000000008003906       0x14 ./Drivers/STM32F7xx_HAL_Driver/Src/stm32f7xx_hal_can.o
                0x0000000008003906                HAL_CAN_TxMailbox1CompleteCallback
 .text.HAL_CAN_TxMailbox2CompleteCallback
                0x000000000800391a       0x14 ./Drivers/STM32F7xx_HAL_Driver/Src/stm32f7xx_hal_can.o
                0x000000000800391a                HAL_CAN_TxMailbox2CompleteCallback
 .text.HAL_CAN_TxMailbox0AbortCallback
                0x000000000800392e       0x14 ./Drivers/STM32F7xx_HAL_Driver/Src/stm32f7xx_hal_can.o
                0x000000000800392e                HAL_CAN_TxMailbox0AbortCallback
 .text.HAL_CAN_TxMailbox1AbortCallback
                0x0000000008003942       0x14 ./Drivers/STM32F7xx_HAL_Driver/Src/stm32f7xx_hal_can.o
                0x0000000008003942                HAL_CAN_TxMailbox1AbortCallback
 .text.HAL_CAN_TxMailbox2AbortCallback
                0x0000000008003956       0x14 ./Drivers/STM32F7xx_HAL_Driver/Src/stm32f7xx_hal_can.o
                0x0000000008003956                HAL_CAN_TxMailbox2AbortCallback
 .text.HAL_CAN_RxFifo0MsgPendingCallback
                0x000000000800396a       0x14 ./Drivers/STM32F7xx_HAL_Driver/Src/stm32f7xx_hal_can.o
                0x000000000800396a                HAL_CAN_RxFifo0MsgPendingCallback
 .text.HAL_CAN_RxFifo0FullCallback
                0x000000000800397e       0x14 ./Drivers/STM32F7xx_HAL_Driver/Src/stm32f7xx_hal_can.o
                0x000000000800397e                HAL_CAN_RxFifo0FullCallback
 .text.HAL_CAN_RxFifo1MsgPendingCallback
                0x0000000008003992       0x14 ./Drivers/STM32F7xx_HAL_Driver/Src/stm32f7xx_hal_can.o
                0x0000000008003992                HAL_CAN_RxFifo1MsgPendingCallback
 .text.HAL_CAN_RxFifo1FullCallback
                0x00000000080039a6       0x14 ./Drivers/STM32F7xx_HAL_Driver/Src/stm32f7xx_hal_can.o
                0x00000000080039a6                HAL_CAN_RxFifo1FullCallback
 .text.HAL_CAN_SleepCallback
                0x00000000080039ba       0x14 ./Drivers/STM32F7xx_HAL_Driver/Src/stm32f7xx_hal_can.o
                0x00000000080039ba                HAL_CAN_SleepCallback
 .text.HAL_CAN_WakeUpFromRxMsgCallback
                0x00000000080039ce       0x14 ./Drivers/STM32F7xx_HAL_Driver/Src/stm32f7xx_hal_can.o
                0x00000000080039ce                HAL_CAN_WakeUpFromRxMsgCallback
 .text.HAL_CAN_ErrorCallback
                0x00000000080039e2       0x14 ./Drivers/STM32F7xx_HAL_Driver/Src/stm32f7xx_hal_can.o
                0x00000000080039e2                HAL_CAN_ErrorCallback
 *fill*         0x00000000080039f6        0x2 
 .text.__NVIC_SetPriorityGrouping
                0x00000000080039f8       0x48 ./Drivers/STM32F7xx_HAL_Driver/Src/stm32f7xx_hal_cortex.o
 .text.__NVIC_GetPriorityGrouping
                0x0000000008003a40       0x1c ./Drivers/STM32F7xx_HAL_Driver/Src/stm32f7xx_hal_cortex.o
 .text.__NVIC_EnableIRQ
                0x0000000008003a5c       0x3c ./Drivers/STM32F7xx_HAL_Driver/Src/stm32f7xx_hal_cortex.o
 .text.__NVIC_SetPriority
                0x0000000008003a98       0x54 ./Drivers/STM32F7xx_HAL_Driver/Src/stm32f7xx_hal_cortex.o
 .text.NVIC_EncodePriority
                0x0000000008003aec       0x66 ./Drivers/STM32F7xx_HAL_Driver/Src/stm32f7xx_hal_cortex.o
 *fill*         0x0000000008003b52        0x2 
 .text.SysTick_Config
                0x0000000008003b54       0x44 ./Drivers/STM32F7xx_HAL_Driver/Src/stm32f7xx_hal_cortex.o
 .text.HAL_NVIC_SetPriorityGrouping
                0x0000000008003b98       0x16 ./Drivers/STM32F7xx_HAL_Driver/Src/stm32f7xx_hal_cortex.o
                0x0000000008003b98                HAL_NVIC_SetPriorityGrouping
 .text.HAL_NVIC_SetPriority
                0x0000000008003bae       0x38 ./Drivers/STM32F7xx_HAL_Driver/Src/stm32f7xx_hal_cortex.o
                0x0000000008003bae                HAL_NVIC_SetPriority
 .text.HAL_NVIC_EnableIRQ
                0x0000000008003be6       0x1c ./Drivers/STM32F7xx_HAL_Driver/Src/stm32f7xx_hal_cortex.o
                0x0000000008003be6                HAL_NVIC_EnableIRQ
 .text.HAL_SYSTICK_Config
                0x0000000008003c02       0x18 ./Drivers/STM32F7xx_HAL_Driver/Src/stm32f7xx_hal_cortex.o
                0x0000000008003c02                HAL_SYSTICK_Config
 *fill*         0x0000000008003c1a        0x2 
 .text.HAL_DMA_Init
                0x0000000008003c1c      0x15c ./Drivers/STM32F7xx_HAL_Driver/Src/stm32f7xx_hal_dma.o
                0x0000000008003c1c                HAL_DMA_Init
 .text.HAL_DMA_IRQHandler
                0x0000000008003d78      0x314 ./Drivers/STM32F7xx_HAL_Driver/Src/stm32f7xx_hal_dma.o
                0x0000000008003d78                HAL_DMA_IRQHandler
 .text.DMA_CalcBaseAndBitshift
                0x000000000800408c       0x6c ./Drivers/STM32F7xx_HAL_Driver/Src/stm32f7xx_hal_dma.o
 .text.DMA_CheckFifoParam
                0x00000000080040f8       0xf8 ./Drivers/STM32F7xx_HAL_Driver/Src/stm32f7xx_hal_dma.o
 .text.HAL_GPIO_Init
                0x00000000080041f0      0x358 ./Drivers/STM32F7xx_HAL_Driver/Src/stm32f7xx_hal_gpio.o
                0x00000000080041f0                HAL_GPIO_Init
 .text.HAL_GPIO_WritePin
                0x0000000008004548       0x32 ./Drivers/STM32F7xx_HAL_Driver/Src/stm32f7xx_hal_gpio.o
                0x0000000008004548                HAL_GPIO_WritePin
 *fill*         0x000000000800457a        0x2 
 .text.HAL_GPIO_EXTI_IRQHandler
                0x000000000800457c       0x30 ./Drivers/STM32F7xx_HAL_Driver/Src/stm32f7xx_hal_gpio.o
                0x000000000800457c                HAL_GPIO_EXTI_IRQHandler
 .text.HAL_PWREx_EnableOverDrive
                0x00000000080045ac       0xa0 ./Drivers/STM32F7xx_HAL_Driver/Src/stm32f7xx_hal_pwr_ex.o
                0x00000000080045ac                HAL_PWREx_EnableOverDrive
 .text.HAL_RCC_OscConfig
                0x000000000800464c      0x548 ./Drivers/STM32F7xx_HAL_Driver/Src/stm32f7xx_hal_rcc.o
                0x000000000800464c                HAL_RCC_OscConfig
 .text.HAL_RCC_ClockConfig
                0x0000000008004b94      0x1d8 ./Drivers/STM32F7xx_HAL_Driver/Src/stm32f7xx_hal_rcc.o
                0x0000000008004b94                HAL_RCC_ClockConfig
 .text.HAL_RCC_GetSysClockFreq
                0x0000000008004d6c      0x208 ./Drivers/STM32F7xx_HAL_Driver/Src/stm32f7xx_hal_rcc.o
                0x0000000008004d6c                HAL_RCC_GetSysClockFreq
 .text.HAL_RCC_GetHCLKFreq
                0x0000000008004f74       0x18 ./Drivers/STM32F7xx_HAL_Driver/Src/stm32f7xx_hal_rcc.o
                0x0000000008004f74                HAL_RCC_GetHCLKFreq
 .text.HAL_RCC_GetPCLK1Freq
                0x0000000008004f8c       0x28 ./Drivers/STM32F7xx_HAL_Driver/Src/stm32f7xx_hal_rcc.o
                0x0000000008004f8c                HAL_RCC_GetPCLK1Freq
 .text.HAL_RCC_GetPCLK2Freq
                0x0000000008004fb4       0x28 ./Drivers/STM32F7xx_HAL_Driver/Src/stm32f7xx_hal_rcc.o
                0x0000000008004fb4                HAL_RCC_GetPCLK2Freq
 .text.HAL_RCCEx_PeriphCLKConfig
                0x0000000008004fdc      0x7e0 ./Drivers/STM32F7xx_HAL_Driver/Src/stm32f7xx_hal_rcc_ex.o
                0x0000000008004fdc                HAL_RCCEx_PeriphCLKConfig
 .text.HAL_SD_Init
                0x00000000080057bc       0x60 ./Drivers/STM32F7xx_HAL_Driver/Src/stm32f7xx_hal_sd.o
                0x00000000080057bc                HAL_SD_Init
 .text.HAL_SD_InitCard
                0x000000000800581c      0x110 ./Drivers/STM32F7xx_HAL_Driver/Src/stm32f7xx_hal_sd.o
                0x000000000800581c                HAL_SD_InitCard
 .text.HAL_SD_GetCardCSD
                0x000000000800592c      0x348 ./Drivers/STM32F7xx_HAL_Driver/Src/stm32f7xx_hal_sd.o
                0x000000000800592c                HAL_SD_GetCardCSD
 .text.HAL_SD_ConfigWideBusOperation
                0x0000000008005c74      0x134 ./Drivers/STM32F7xx_HAL_Driver/Src/stm32f7xx_hal_sd.o
                0x0000000008005c74                HAL_SD_ConfigWideBusOperation
 .text.SD_InitCard
                0x0000000008005da8      0x19c ./Drivers/STM32F7xx_HAL_Driver/Src/stm32f7xx_hal_sd.o
 .text.SD_PowerON
                0x0000000008005f44      0x11c ./Drivers/STM32F7xx_HAL_Driver/Src/stm32f7xx_hal_sd.o
 .text.SD_WideBus_Enable
                0x0000000008006060       0x96 ./Drivers/STM32F7xx_HAL_Driver/Src/stm32f7xx_hal_sd.o
 .text.SD_WideBus_Disable
                0x00000000080060f6       0x96 ./Drivers/STM32F7xx_HAL_Driver/Src/stm32f7xx_hal_sd.o
 .text.SD_FindSCR
                0x000000000800618c      0x1a6 ./Drivers/STM32F7xx_HAL_Driver/Src/stm32f7xx_hal_sd.o
 .text.HAL_SRAM_Init
                0x0000000008006332       0x90 ./Drivers/STM32F7xx_HAL_Driver/Src/stm32f7xx_hal_sram.o
                0x0000000008006332                HAL_SRAM_Init
 .text.HAL_TIM_Base_Init
                0x00000000080063c2       0xae ./Drivers/STM32F7xx_HAL_Driver/Src/stm32f7xx_hal_tim.o
                0x00000000080063c2                HAL_TIM_Base_Init
 .text.HAL_TIM_IRQHandler
                0x0000000008006470      0x23e ./Drivers/STM32F7xx_HAL_Driver/Src/stm32f7xx_hal_tim.o
                0x0000000008006470                HAL_TIM_IRQHandler
 .text.HAL_TIM_SlaveConfigSynchro
                0x00000000080066ae       0x84 ./Drivers/STM32F7xx_HAL_Driver/Src/stm32f7xx_hal_tim.o
                0x00000000080066ae                HAL_TIM_SlaveConfigSynchro
 .text.HAL_TIM_PeriodElapsedCallback
                0x0000000008006732       0x14 ./Drivers/STM32F7xx_HAL_Driver/Src/stm32f7xx_hal_tim.o
                0x0000000008006732                HAL_TIM_PeriodElapsedCallback
 .text.HAL_TIM_OC_DelayElapsedCallback
                0x0000000008006746       0x14 ./Drivers/STM32F7xx_HAL_Driver/Src/stm32f7xx_hal_tim.o
                0x0000000008006746                HAL_TIM_OC_DelayElapsedCallback
 .text.HAL_TIM_IC_CaptureCallback
                0x000000000800675a       0x14 ./Drivers/STM32F7xx_HAL_Driver/Src/stm32f7xx_hal_tim.o
                0x000000000800675a                HAL_TIM_IC_CaptureCallback
 .text.HAL_TIM_PWM_PulseFinishedCallback
                0x000000000800676e       0x14 ./Drivers/STM32F7xx_HAL_Driver/Src/stm32f7xx_hal_tim.o
                0x000000000800676e                HAL_TIM_PWM_PulseFinishedCallback
 .text.HAL_TIM_TriggerCallback
                0x0000000008006782       0x14 ./Drivers/STM32F7xx_HAL_Driver/Src/stm32f7xx_hal_tim.o
                0x0000000008006782                HAL_TIM_TriggerCallback
 *fill*         0x0000000008006796        0x2 
 .text.TIM_Base_SetConfig
                0x0000000008006798      0x140 ./Drivers/STM32F7xx_HAL_Driver/Src/stm32f7xx_hal_tim.o
                0x0000000008006798                TIM_Base_SetConfig
 .text.TIM_SlaveTimer_SetConfig
                0x00000000080068d8      0x128 ./Drivers/STM32F7xx_HAL_Driver/Src/stm32f7xx_hal_tim.o
 .text.TIM_TI1_ConfigInputStage
                0x0000000008006a00       0x5e ./Drivers/STM32F7xx_HAL_Driver/Src/stm32f7xx_hal_tim.o
 .text.TIM_TI2_ConfigInputStage
                0x0000000008006a5e       0x60 ./Drivers/STM32F7xx_HAL_Driver/Src/stm32f7xx_hal_tim.o
 .text.TIM_ETR_SetConfig
                0x0000000008006abe       0x40 ./Drivers/STM32F7xx_HAL_Driver/Src/stm32f7xx_hal_tim.o
                0x0000000008006abe                TIM_ETR_SetConfig
 *fill*         0x0000000008006afe        0x2 
 .text.HAL_TIMEx_MasterConfigSynchronization
                0x0000000008006b00      0x11c ./Drivers/STM32F7xx_HAL_Driver/Src/stm32f7xx_hal_tim_ex.o
                0x0000000008006b00                HAL_TIMEx_MasterConfigSynchronization
 .text.HAL_TIMEx_CommutCallback
                0x0000000008006c1c       0x14 ./Drivers/STM32F7xx_HAL_Driver/Src/stm32f7xx_hal_tim_ex.o
                0x0000000008006c1c                HAL_TIMEx_CommutCallback
 .text.HAL_TIMEx_BreakCallback
                0x0000000008006c30       0x14 ./Drivers/STM32F7xx_HAL_Driver/Src/stm32f7xx_hal_tim_ex.o
                0x0000000008006c30                HAL_TIMEx_BreakCallback
 .text.HAL_TIMEx_Break2Callback
                0x0000000008006c44       0x14 ./Drivers/STM32F7xx_HAL_Driver/Src/stm32f7xx_hal_tim_ex.o
                0x0000000008006c44                HAL_TIMEx_Break2Callback
 .text.HAL_UART_Init
                0x0000000008006c58       0x9c ./Drivers/STM32F7xx_HAL_Driver/Src/stm32f7xx_hal_uart.o
                0x0000000008006c58                HAL_UART_Init
 .text.UART_SetConfig
                0x0000000008006cf4      0x4c8 ./Drivers/STM32F7xx_HAL_Driver/Src/stm32f7xx_hal_uart.o
                0x0000000008006cf4                UART_SetConfig
 .text.UART_AdvFeatureConfig
                0x00000000080071bc      0x144 ./Drivers/STM32F7xx_HAL_Driver/Src/stm32f7xx_hal_uart.o
                0x00000000080071bc                UART_AdvFeatureConfig
 .text.UART_CheckIdleState
                0x0000000008007300       0x6e ./Drivers/STM32F7xx_HAL_Driver/Src/stm32f7xx_hal_uart.o
                0x0000000008007300                UART_CheckIdleState
 .text.UART_WaitOnFlagUntilTimeout
                0x000000000800736e      0x18c ./Drivers/STM32F7xx_HAL_Driver/Src/stm32f7xx_hal_uart.o
                0x000000000800736e                UART_WaitOnFlagUntilTimeout
 *fill*         0x00000000080074fa        0x2 
 .text.FMC_NORSRAM_Init
                0x00000000080074fc      0x120 ./Drivers/STM32F7xx_HAL_Driver/Src/stm32f7xx_ll_fmc.o
                0x00000000080074fc                FMC_NORSRAM_Init
 .text.FMC_NORSRAM_Timing_Init
                0x000000000800761c       0xa0 ./Drivers/STM32F7xx_HAL_Driver/Src/stm32f7xx_ll_fmc.o
                0x000000000800761c                FMC_NORSRAM_Timing_Init
 .text.FMC_NORSRAM_Extended_Timing_Init
                0x00000000080076bc       0x70 ./Drivers/STM32F7xx_HAL_Driver/Src/stm32f7xx_ll_fmc.o
                0x00000000080076bc                FMC_NORSRAM_Extended_Timing_Init
 .text.SDMMC_Init
                0x000000000800772c       0x58 ./Drivers/STM32F7xx_HAL_Driver/Src/stm32f7xx_ll_sdmmc.o
                0x000000000800772c                SDMMC_Init
 .text.SDMMC_ReadFIFO
                0x0000000008007784       0x1a ./Drivers/STM32F7xx_HAL_Driver/Src/stm32f7xx_ll_sdmmc.o
                0x0000000008007784                SDMMC_ReadFIFO
 .text.SDMMC_PowerState_ON
                0x000000000800779e       0x1c ./Drivers/STM32F7xx_HAL_Driver/Src/stm32f7xx_ll_sdmmc.o
                0x000000000800779e                SDMMC_PowerState_ON
 .text.SDMMC_GetPowerState
                0x00000000080077ba       0x1c ./Drivers/STM32F7xx_HAL_Driver/Src/stm32f7xx_ll_sdmmc.o
                0x00000000080077ba                SDMMC_GetPowerState
 *fill*         0x00000000080077d6        0x2 
 .text.SDMMC_SendCommand
                0x00000000080077d8       0x54 ./Drivers/STM32F7xx_HAL_Driver/Src/stm32f7xx_ll_sdmmc.o
                0x00000000080077d8                SDMMC_SendCommand
 .text.SDMMC_GetCommandResponse
                0x000000000800782c       0x1a ./Drivers/STM32F7xx_HAL_Driver/Src/stm32f7xx_ll_sdmmc.o
                0x000000000800782c                SDMMC_GetCommandResponse
 .text.SDMMC_GetResponse
                0x0000000008007846       0x26 ./Drivers/STM32F7xx_HAL_Driver/Src/stm32f7xx_ll_sdmmc.o
                0x0000000008007846                SDMMC_GetResponse
 .text.SDMMC_ConfigData
                0x000000000800786c       0x58 ./Drivers/STM32F7xx_HAL_Driver/Src/stm32f7xx_ll_sdmmc.o
                0x000000000800786c                SDMMC_ConfigData
 .text.SDMMC_CmdBlockLength
                0x00000000080078c4       0x44 ./Drivers/STM32F7xx_HAL_Driver/Src/stm32f7xx_ll_sdmmc.o
                0x00000000080078c4                SDMMC_CmdBlockLength
 .text.SDMMC_CmdSelDesel
                0x0000000008007908       0x46 ./Drivers/STM32F7xx_HAL_Driver/Src/stm32f7xx_ll_sdmmc.o
                0x0000000008007908                SDMMC_CmdSelDesel
 .text.SDMMC_CmdGoIdleState
                0x000000000800794e       0x3c ./Drivers/STM32F7xx_HAL_Driver/Src/stm32f7xx_ll_sdmmc.o
                0x000000000800794e                SDMMC_CmdGoIdleState
 .text.SDMMC_CmdOperCond
                0x000000000800798a       0x3e ./Drivers/STM32F7xx_HAL_Driver/Src/stm32f7xx_ll_sdmmc.o
                0x000000000800798a                SDMMC_CmdOperCond
 .text.SDMMC_CmdAppCommand
                0x00000000080079c8       0x44 ./Drivers/STM32F7xx_HAL_Driver/Src/stm32f7xx_ll_sdmmc.o
                0x00000000080079c8                SDMMC_CmdAppCommand
 .text.SDMMC_CmdAppOperCommand
                0x0000000008007a0c       0x48 ./Drivers/STM32F7xx_HAL_Driver/Src/stm32f7xx_ll_sdmmc.o
                0x0000000008007a0c                SDMMC_CmdAppOperCommand
 .text.SDMMC_CmdBusWidth
                0x0000000008007a54       0x44 ./Drivers/STM32F7xx_HAL_Driver/Src/stm32f7xx_ll_sdmmc.o
                0x0000000008007a54                SDMMC_CmdBusWidth
 .text.SDMMC_CmdSendSCR
                0x0000000008007a98       0x42 ./Drivers/STM32F7xx_HAL_Driver/Src/stm32f7xx_ll_sdmmc.o
                0x0000000008007a98                SDMMC_CmdSendSCR
 .text.SDMMC_CmdSendCID
                0x0000000008007ada       0x3c ./Drivers/STM32F7xx_HAL_Driver/Src/stm32f7xx_ll_sdmmc.o
                0x0000000008007ada                SDMMC_CmdSendCID
 .text.SDMMC_CmdSendCSD
                0x0000000008007b16       0x3e ./Drivers/STM32F7xx_HAL_Driver/Src/stm32f7xx_ll_sdmmc.o
                0x0000000008007b16                SDMMC_CmdSendCSD
 .text.SDMMC_CmdSetRelAdd
                0x0000000008007b54       0x42 ./Drivers/STM32F7xx_HAL_Driver/Src/stm32f7xx_ll_sdmmc.o
                0x0000000008007b54                SDMMC_CmdSetRelAdd
 *fill*         0x0000000008007b96        0x2 
 .text.SDMMC_GetCmdResp1
                0x0000000008007b98      0x1dc ./Drivers/STM32F7xx_HAL_Driver/Src/stm32f7xx_ll_sdmmc.o
                0x0000000008007b98                SDMMC_GetCmdResp1
 .text.SDMMC_GetCmdResp2
                0x0000000008007d74       0x90 ./Drivers/STM32F7xx_HAL_Driver/Src/stm32f7xx_ll_sdmmc.o
                0x0000000008007d74                SDMMC_GetCmdResp2
 .text.SDMMC_GetCmdResp3
                0x0000000008007e04       0x7c ./Drivers/STM32F7xx_HAL_Driver/Src/stm32f7xx_ll_sdmmc.o
                0x0000000008007e04                SDMMC_GetCmdResp3
 .text.SDMMC_GetCmdResp6
                0x0000000008007e80       0xec ./Drivers/STM32F7xx_HAL_Driver/Src/stm32f7xx_ll_sdmmc.o
                0x0000000008007e80                SDMMC_GetCmdResp6
 .text.SDMMC_GetCmdResp7
                0x0000000008007f6c       0x9c ./Drivers/STM32F7xx_HAL_Driver/Src/stm32f7xx_ll_sdmmc.o
                0x0000000008007f6c                SDMMC_GetCmdResp7
 .text.SDMMC_GetCmdError
                0x0000000008008008       0x58 ./Drivers/STM32F7xx_HAL_Driver/Src/stm32f7xx_ll_sdmmc.o
 .text.rand     0x0000000008008060       0x7c C:/ST/STM32CubeIDE_1.14.0/STM32CubeIDE/plugins/com.st.stm32cube.ide.mcu.externaltools.gnu-tools-for-stm32.11.3.rel1.win32_1.1.100.202309141235/tools/bin/../lib/gcc/arm-none-eabi/11.3.1/../../../../arm-none-eabi/lib/thumb/v7e-m+fp/hard\libc_nano.a(libc_a-rand.o)
                0x0000000008008060                rand
 .text.std      0x00000000080080dc       0x6c C:/ST/STM32CubeIDE_1.14.0/STM32CubeIDE/plugins/com.st.stm32cube.ide.mcu.externaltools.gnu-tools-for-stm32.11.3.rel1.win32_1.1.100.202309141235/tools/bin/../lib/gcc/arm-none-eabi/11.3.1/../../../../arm-none-eabi/lib/thumb/v7e-m+fp/hard\libc_nano.a(libc_a-findfp.o)
 .text.stdio_exit_handler
                0x0000000008008148       0x18 C:/ST/STM32CubeIDE_1.14.0/STM32CubeIDE/plugins/com.st.stm32cube.ide.mcu.externaltools.gnu-tools-for-stm32.11.3.rel1.win32_1.1.100.202309141235/tools/bin/../lib/gcc/arm-none-eabi/11.3.1/../../../../arm-none-eabi/lib/thumb/v7e-m+fp/hard\libc_nano.a(libc_a-findfp.o)
 .text.cleanup_stdio
                0x0000000008008160       0x40 C:/ST/STM32CubeIDE_1.14.0/STM32CubeIDE/plugins/com.st.stm32cube.ide.mcu.externaltools.gnu-tools-for-stm32.11.3.rel1.win32_1.1.100.202309141235/tools/bin/../lib/gcc/arm-none-eabi/11.3.1/../../../../arm-none-eabi/lib/thumb/v7e-m+fp/hard\libc_nano.a(libc_a-findfp.o)
 .text.global_stdio_init.part.0
                0x00000000080081a0       0x3c C:/ST/STM32CubeIDE_1.14.0/STM32CubeIDE/plugins/com.st.stm32cube.ide.mcu.externaltools.gnu-tools-for-stm32.11.3.rel1.win32_1.1.100.202309141235/tools/bin/../lib/gcc/arm-none-eabi/11.3.1/../../../../arm-none-eabi/lib/thumb/v7e-m+fp/hard\libc_nano.a(libc_a-findfp.o)
 .text.__sfp_lock_acquire
                0x00000000080081dc        0xc C:/ST/STM32CubeIDE_1.14.0/STM32CubeIDE/plugins/com.st.stm32cube.ide.mcu.externaltools.gnu-tools-for-stm32.11.3.rel1.win32_1.1.100.202309141235/tools/bin/../lib/gcc/arm-none-eabi/11.3.1/../../../../arm-none-eabi/lib/thumb/v7e-m+fp/hard\libc_nano.a(libc_a-findfp.o)
                0x00000000080081dc                __sfp_lock_acquire
 .text.__sfp_lock_release
                0x00000000080081e8        0xc C:/ST/STM32CubeIDE_1.14.0/STM32CubeIDE/plugins/com.st.stm32cube.ide.mcu.externaltools.gnu-tools-for-stm32.11.3.rel1.win32_1.1.100.202309141235/tools/bin/../lib/gcc/arm-none-eabi/11.3.1/../../../../arm-none-eabi/lib/thumb/v7e-m+fp/hard\libc_nano.a(libc_a-findfp.o)
                0x00000000080081e8                __sfp_lock_release
 .text.__sinit  0x00000000080081f4       0x30 C:/ST/STM32CubeIDE_1.14.0/STM32CubeIDE/plugins/com.st.stm32cube.ide.mcu.externaltools.gnu-tools-for-stm32.11.3.rel1.win32_1.1.100.202309141235/tools/bin/../lib/gcc/arm-none-eabi/11.3.1/../../../../arm-none-eabi/lib/thumb/v7e-m+fp/hard\libc_nano.a(libc_a-findfp.o)
                0x00000000080081f4                __sinit
 .text._fwalk_sglue
                0x0000000008008224       0x3c C:/ST/STM32CubeIDE_1.14.0/STM32CubeIDE/plugins/com.st.stm32cube.ide.mcu.externaltools.gnu-tools-for-stm32.11.3.rel1.win32_1.1.100.202309141235/tools/bin/../lib/gcc/arm-none-eabi/11.3.1/../../../../arm-none-eabi/lib/thumb/v7e-m+fp/hard\libc_nano.a(libc_a-fwalk.o)
                0x0000000008008224                _fwalk_sglue
 .text.__sread  0x0000000008008260       0x22 C:/ST/STM32CubeIDE_1.14.0/STM32CubeIDE/plugins/com.st.stm32cube.ide.mcu.externaltools.gnu-tools-for-stm32.11.3.rel1.win32_1.1.100.202309141235/tools/bin/../lib/gcc/arm-none-eabi/11.3.1/../../../../arm-none-eabi/lib/thumb/v7e-m+fp/hard\libc_nano.a(libc_a-stdio.o)
                0x0000000008008260                __sread
 .text.__swrite
                0x0000000008008282       0x38 C:/ST/STM32CubeIDE_1.14.0/STM32CubeIDE/plugins/com.st.stm32cube.ide.mcu.externaltools.gnu-tools-for-stm32.11.3.rel1.win32_1.1.100.202309141235/tools/bin/../lib/gcc/arm-none-eabi/11.3.1/../../../../arm-none-eabi/lib/thumb/v7e-m+fp/hard\libc_nano.a(libc_a-stdio.o)
                0x0000000008008282                __swrite
 .text.__sseek  0x00000000080082ba       0x24 C:/ST/STM32CubeIDE_1.14.0/STM32CubeIDE/plugins/com.st.stm32cube.ide.mcu.externaltools.gnu-tools-for-stm32.11.3.rel1.win32_1.1.100.202309141235/tools/bin/../lib/gcc/arm-none-eabi/11.3.1/../../../../arm-none-eabi/lib/thumb/v7e-m+fp/hard\libc_nano.a(libc_a-stdio.o)
                0x00000000080082ba                __sseek
 .text.__sclose
                0x00000000080082de        0x8 C:/ST/STM32CubeIDE_1.14.0/STM32CubeIDE/plugins/com.st.stm32cube.ide.mcu.externaltools.gnu-tools-for-stm32.11.3.rel1.win32_1.1.100.202309141235/tools/bin/../lib/gcc/arm-none-eabi/11.3.1/../../../../arm-none-eabi/lib/thumb/v7e-m+fp/hard\libc_nano.a(libc_a-stdio.o)
                0x00000000080082de                __sclose
 .text.memset   0x00000000080082e6       0x10 C:/ST/STM32CubeIDE_1.14.0/STM32CubeIDE/plugins/com.st.stm32cube.ide.mcu.externaltools.gnu-tools-for-stm32.11.3.rel1.win32_1.1.100.202309141235/tools/bin/../lib/gcc/arm-none-eabi/11.3.1/../../../../arm-none-eabi/lib/thumb/v7e-m+fp/hard\libc_nano.a(libc_a-memset.o)
                0x00000000080082e6                memset
 *fill*         0x00000000080082f6        0x2 
 .text._close_r
                0x00000000080082f8       0x20 C:/ST/STM32CubeIDE_1.14.0/STM32CubeIDE/plugins/com.st.stm32cube.ide.mcu.externaltools.gnu-tools-for-stm32.11.3.rel1.win32_1.1.100.202309141235/tools/bin/../lib/gcc/arm-none-eabi/11.3.1/../../../../arm-none-eabi/lib/thumb/v7e-m+fp/hard\libc_nano.a(libc_a-closer.o)
                0x00000000080082f8                _close_r
 .text._lseek_r
                0x0000000008008318       0x24 C:/ST/STM32CubeIDE_1.14.0/STM32CubeIDE/plugins/com.st.stm32cube.ide.mcu.externaltools.gnu-tools-for-stm32.11.3.rel1.win32_1.1.100.202309141235/tools/bin/../lib/gcc/arm-none-eabi/11.3.1/../../../../arm-none-eabi/lib/thumb/v7e-m+fp/hard\libc_nano.a(libc_a-lseekr.o)
                0x0000000008008318                _lseek_r
 .text._read_r  0x000000000800833c       0x24 C:/ST/STM32CubeIDE_1.14.0/STM32CubeIDE/plugins/com.st.stm32cube.ide.mcu.externaltools.gnu-tools-for-stm32.11.3.rel1.win32_1.1.100.202309141235/tools/bin/../lib/gcc/arm-none-eabi/11.3.1/../../../../arm-none-eabi/lib/thumb/v7e-m+fp/hard\libc_nano.a(libc_a-readr.o)
                0x000000000800833c                _read_r
 .text._write_r
                0x0000000008008360       0x24 C:/ST/STM32CubeIDE_1.14.0/STM32CubeIDE/plugins/com.st.stm32cube.ide.mcu.externaltools.gnu-tools-for-stm32.11.3.rel1.win32_1.1.100.202309141235/tools/bin/../lib/gcc/arm-none-eabi/11.3.1/../../../../arm-none-eabi/lib/thumb/v7e-m+fp/hard\libc_nano.a(libc_a-writer.o)
                0x0000000008008360                _write_r
 .text.__errno  0x0000000008008384        0xc C:/ST/STM32CubeIDE_1.14.0/STM32CubeIDE/plugins/com.st.stm32cube.ide.mcu.externaltools.gnu-tools-for-stm32.11.3.rel1.win32_1.1.100.202309141235/tools/bin/../lib/gcc/arm-none-eabi/11.3.1/../../../../arm-none-eabi/lib/thumb/v7e-m+fp/hard\libc_nano.a(libc_a-errno.o)
                0x0000000008008384                __errno
 .text.__libc_init_array
                0x0000000008008390       0x48 C:/ST/STM32CubeIDE_1.14.0/STM32CubeIDE/plugins/com.st.stm32cube.ide.mcu.externaltools.gnu-tools-for-stm32.11.3.rel1.win32_1.1.100.202309141235/tools/bin/../lib/gcc/arm-none-eabi/11.3.1/../../../../arm-none-eabi/lib/thumb/v7e-m+fp/hard\libc_nano.a(libc_a-init.o)
                0x0000000008008390                __libc_init_array
 .text.__retarget_lock_init_recursive
                0x00000000080083d8        0x2 C:/ST/STM32CubeIDE_1.14.0/STM32CubeIDE/plugins/com.st.stm32cube.ide.mcu.externaltools.gnu-tools-for-stm32.11.3.rel1.win32_1.1.100.202309141235/tools/bin/../lib/gcc/arm-none-eabi/11.3.1/../../../../arm-none-eabi/lib/thumb/v7e-m+fp/hard\libc_nano.a(libc_a-lock.o)
                0x00000000080083d8                __retarget_lock_init_recursive
 .text.__retarget_lock_acquire_recursive
                0x00000000080083da        0x2 C:/ST/STM32CubeIDE_1.14.0/STM32CubeIDE/plugins/com.st.stm32cube.ide.mcu.externaltools.gnu-tools-for-stm32.11.3.rel1.win32_1.1.100.202309141235/tools/bin/../lib/gcc/arm-none-eabi/11.3.1/../../../../arm-none-eabi/lib/thumb/v7e-m+fp/hard\libc_nano.a(libc_a-lock.o)
                0x00000000080083da                __retarget_lock_acquire_recursive
 .text.__retarget_lock_release_recursive
                0x00000000080083dc        0x2 C:/ST/STM32CubeIDE_1.14.0/STM32CubeIDE/plugins/com.st.stm32cube.ide.mcu.externaltools.gnu-tools-for-stm32.11.3.rel1.win32_1.1.100.202309141235/tools/bin/../lib/gcc/arm-none-eabi/11.3.1/../../../../arm-none-eabi/lib/thumb/v7e-m+fp/hard\libc_nano.a(libc_a-lock.o)
                0x00000000080083dc                __retarget_lock_release_recursive
 *fill*         0x00000000080083de        0x2 
 .text.__assert_func
                0x00000000080083e0       0x3c C:/ST/STM32CubeIDE_1.14.0/STM32CubeIDE/plugins/com.st.stm32cube.ide.mcu.externaltools.gnu-tools-for-stm32.11.3.rel1.win32_1.1.100.202309141235/tools/bin/../lib/gcc/arm-none-eabi/11.3.1/../../../../arm-none-eabi/lib/thumb/v7e-m+fp/hard\libc_nano.a(libc_a-assert.o)
                0x00000000080083e0                __assert_func
 .text._free_r  0x000000000800841c       0x98 C:/ST/STM32CubeIDE_1.14.0/STM32CubeIDE/plugins/com.st.stm32cube.ide.mcu.externaltools.gnu-tools-for-stm32.11.3.rel1.win32_1.1.100.202309141235/tools/bin/../lib/gcc/arm-none-eabi/11.3.1/../../../../arm-none-eabi/lib/thumb/v7e-m+fp/hard\libc_nano.a(libc_a-freer.o)
                0x000000000800841c                _free_r
 .text.malloc   0x00000000080084b4       0x10 C:/ST/STM32CubeIDE_1.14.0/STM32CubeIDE/plugins/com.st.stm32cube.ide.mcu.externaltools.gnu-tools-for-stm32.11.3.rel1.win32_1.1.100.202309141235/tools/bin/../lib/gcc/arm-none-eabi/11.3.1/../../../../arm-none-eabi/lib/thumb/v7e-m+fp/hard\libc_nano.a(libc_a-malloc.o)
                0x00000000080084b4                malloc
 .text.sbrk_aligned
                0x00000000080084c4       0x40 C:/ST/STM32CubeIDE_1.14.0/STM32CubeIDE/plugins/com.st.stm32cube.ide.mcu.externaltools.gnu-tools-for-stm32.11.3.rel1.win32_1.1.100.202309141235/tools/bin/../lib/gcc/arm-none-eabi/11.3.1/../../../../arm-none-eabi/lib/thumb/v7e-m+fp/hard\libc_nano.a(libc_a-mallocr.o)
 .text._malloc_r
                0x0000000008008504      0x100 C:/ST/STM32CubeIDE_1.14.0/STM32CubeIDE/plugins/com.st.stm32cube.ide.mcu.externaltools.gnu-tools-for-stm32.11.3.rel1.win32_1.1.100.202309141235/tools/bin/../lib/gcc/arm-none-eabi/11.3.1/../../../../arm-none-eabi/lib/thumb/v7e-m+fp/hard\libc_nano.a(libc_a-mallocr.o)
                0x0000000008008504                _malloc_r
 .text.__malloc_lock
                0x0000000008008604        0xc C:/ST/STM32CubeIDE_1.14.0/STM32CubeIDE/plugins/com.st.stm32cube.ide.mcu.externaltools.gnu-tools-for-stm32.11.3.rel1.win32_1.1.100.202309141235/tools/bin/../lib/gcc/arm-none-eabi/11.3.1/../../../../arm-none-eabi/lib/thumb/v7e-m+fp/hard\libc_nano.a(libc_a-mlock.o)
                0x0000000008008604                __malloc_lock
 .text.__malloc_unlock
                0x0000000008008610        0xc C:/ST/STM32CubeIDE_1.14.0/STM32CubeIDE/plugins/com.st.stm32cube.ide.mcu.externaltools.gnu-tools-for-stm32.11.3.rel1.win32_1.1.100.202309141235/tools/bin/../lib/gcc/arm-none-eabi/11.3.1/../../../../arm-none-eabi/lib/thumb/v7e-m+fp/hard\libc_nano.a(libc_a-mlock.o)
                0x0000000008008610                __malloc_unlock
 .text.__sflush_r
                0x000000000800861c      0x10c C:/ST/STM32CubeIDE_1.14.0/STM32CubeIDE/plugins/com.st.stm32cube.ide.mcu.externaltools.gnu-tools-for-stm32.11.3.rel1.win32_1.1.100.202309141235/tools/bin/../lib/gcc/arm-none-eabi/11.3.1/../../../../arm-none-eabi/lib/thumb/v7e-m+fp/hard\libc_nano.a(libc_a-fflush.o)
                0x000000000800861c                __sflush_r
 .text._fflush_r
                0x0000000008008728       0x50 C:/ST/STM32CubeIDE_1.14.0/STM32CubeIDE/plugins/com.st.stm32cube.ide.mcu.externaltools.gnu-tools-for-stm32.11.3.rel1.win32_1.1.100.202309141235/tools/bin/../lib/gcc/arm-none-eabi/11.3.1/../../../../arm-none-eabi/lib/thumb/v7e-m+fp/hard\libc_nano.a(libc_a-fflush.o)
                0x0000000008008728                _fflush_r
 .text.fprintf  0x0000000008008778       0x24 C:/ST/STM32CubeIDE_1.14.0/STM32CubeIDE/plugins/com.st.stm32cube.ide.mcu.externaltools.gnu-tools-for-stm32.11.3.rel1.win32_1.1.100.202309141235/tools/bin/../lib/gcc/arm-none-eabi/11.3.1/../../../../arm-none-eabi/lib/thumb/v7e-m+fp/hard\libc_nano.a(libc_a-fprintf.o)
                0x0000000008008778                fiprintf
                0x0000000008008778                fprintf
 .text._sbrk_r  0x000000000800879c       0x20 C:/ST/STM32CubeIDE_1.14.0/STM32CubeIDE/plugins/com.st.stm32cube.ide.mcu.externaltools.gnu-tools-for-stm32.11.3.rel1.win32_1.1.100.202309141235/tools/bin/../lib/gcc/arm-none-eabi/11.3.1/../../../../arm-none-eabi/lib/thumb/v7e-m+fp/hard\libc_nano.a(libc_a-sbrkr.o)
                0x000000000800879c                _sbrk_r
 .text.abort    0x00000000080087bc        0xe C:/ST/STM32CubeIDE_1.14.0/STM32CubeIDE/plugins/com.st.stm32cube.ide.mcu.externaltools.gnu-tools-for-stm32.11.3.rel1.win32_1.1.100.202309141235/tools/bin/../lib/gcc/arm-none-eabi/11.3.1/../../../../arm-none-eabi/lib/thumb/v7e-m+fp/hard\libc_nano.a(libc_a-abort.o)
                0x00000000080087bc                abort
 .text.__sfputc_r
                0x00000000080087ca       0x2e C:/ST/STM32CubeIDE_1.14.0/STM32CubeIDE/plugins/com.st.stm32cube.ide.mcu.externaltools.gnu-tools-for-stm32.11.3.rel1.win32_1.1.100.202309141235/tools/bin/../lib/gcc/arm-none-eabi/11.3.1/../../../../arm-none-eabi/lib/thumb/v7e-m+fp/hard\libc_nano.a(libc_a-nano-vfprintf.o)
 .text.__sfputs_r
                0x00000000080087f8       0x24 C:/ST/STM32CubeIDE_1.14.0/STM32CubeIDE/plugins/com.st.stm32cube.ide.mcu.externaltools.gnu-tools-for-stm32.11.3.rel1.win32_1.1.100.202309141235/tools/bin/../lib/gcc/arm-none-eabi/11.3.1/../../../../arm-none-eabi/lib/thumb/v7e-m+fp/hard\libc_nano.a(libc_a-nano-vfprintf.o)
                0x00000000080087f8                __sfputs_r
 .text._vfprintf_r
                0x000000000800881c      0x234 C:/ST/STM32CubeIDE_1.14.0/STM32CubeIDE/plugins/com.st.stm32cube.ide.mcu.externaltools.gnu-tools-for-stm32.11.3.rel1.win32_1.1.100.202309141235/tools/bin/../lib/gcc/arm-none-eabi/11.3.1/../../../../arm-none-eabi/lib/thumb/v7e-m+fp/hard\libc_nano.a(libc_a-nano-vfprintf.o)
                0x000000000800881c                _vfprintf_r
                0x000000000800881c                _vfiprintf_r
 .text._printf_common
                0x0000000008008a50       0xda C:/ST/STM32CubeIDE_1.14.0/STM32CubeIDE/plugins/com.st.stm32cube.ide.mcu.externaltools.gnu-tools-for-stm32.11.3.rel1.win32_1.1.100.202309141235/tools/bin/../lib/gcc/arm-none-eabi/11.3.1/../../../../arm-none-eabi/lib/thumb/v7e-m+fp/hard\libc_nano.a(libc_a-nano-vfprintf_i.o)
                0x0000000008008a50                _printf_common
 *fill*         0x0000000008008b2a        0x2 
 .text._printf_i
                0x0000000008008b2c      0x244 C:/ST/STM32CubeIDE_1.14.0/STM32CubeIDE/plugins/com.st.stm32cube.ide.mcu.externaltools.gnu-tools-for-stm32.11.3.rel1.win32_1.1.100.202309141235/tools/bin/../lib/gcc/arm-none-eabi/11.3.1/../../../../arm-none-eabi/lib/thumb/v7e-m+fp/hard\libc_nano.a(libc_a-nano-vfprintf_i.o)
                0x0000000008008b2c                _printf_i
 .text.__swbuf_r
                0x0000000008008d70       0x7a C:/ST/STM32CubeIDE_1.14.0/STM32CubeIDE/plugins/com.st.stm32cube.ide.mcu.externaltools.gnu-tools-for-stm32.11.3.rel1.win32_1.1.100.202309141235/tools/bin/../lib/gcc/arm-none-eabi/11.3.1/../../../../arm-none-eabi/lib/thumb/v7e-m+fp/hard\libc_nano.a(libc_a-wbuf.o)
                0x0000000008008d70                __swbuf_r
 *fill*         0x0000000008008dea        0x2 
 .text.__swsetup_r
                0x0000000008008dec       0xb0 C:/ST/STM32CubeIDE_1.14.0/STM32CubeIDE/plugins/com.st.stm32cube.ide.mcu.externaltools.gnu-tools-for-stm32.11.3.rel1.win32_1.1.100.202309141235/tools/bin/../lib/gcc/arm-none-eabi/11.3.1/../../../../arm-none-eabi/lib/thumb/v7e-m+fp/hard\libc_nano.a(libc_a-wsetup.o)
                0x0000000008008dec                __swsetup_r
 .text._raise_r
                0x0000000008008e9c       0x50 C:/ST/STM32CubeIDE_1.14.0/STM32CubeIDE/plugins/com.st.stm32cube.ide.mcu.externaltools.gnu-tools-for-stm32.11.3.rel1.win32_1.1.100.202309141235/tools/bin/../lib/gcc/arm-none-eabi/11.3.1/../../../../arm-none-eabi/lib/thumb/v7e-m+fp/hard\libc_nano.a(libc_a-signal.o)
                0x0000000008008e9c                _raise_r
 .text.raise    0x0000000008008eec       0x10 C:/ST/STM32CubeIDE_1.14.0/STM32CubeIDE/plugins/com.st.stm32cube.ide.mcu.externaltools.gnu-tools-for-stm32.11.3.rel1.win32_1.1.100.202309141235/tools/bin/../lib/gcc/arm-none-eabi/11.3.1/../../../../arm-none-eabi/lib/thumb/v7e-m+fp/hard\libc_nano.a(libc_a-signal.o)
                0x0000000008008eec                raise
 .text._kill_r  0x0000000008008efc       0x24 C:/ST/STM32CubeIDE_1.14.0/STM32CubeIDE/plugins/com.st.stm32cube.ide.mcu.externaltools.gnu-tools-for-stm32.11.3.rel1.win32_1.1.100.202309141235/tools/bin/../lib/gcc/arm-none-eabi/11.3.1/../../../../arm-none-eabi/lib/thumb/v7e-m+fp/hard\libc_nano.a(libc_a-signalr.o)
                0x0000000008008efc                _kill_r
 .text._getpid_r
                0x0000000008008f20        0x4 C:/ST/STM32CubeIDE_1.14.0/STM32CubeIDE/plugins/com.st.stm32cube.ide.mcu.externaltools.gnu-tools-for-stm32.11.3.rel1.win32_1.1.100.202309141235/tools/bin/../lib/gcc/arm-none-eabi/11.3.1/../../../../arm-none-eabi/lib/thumb/v7e-m+fp/hard\libc_nano.a(libc_a-signalr.o)
                0x0000000008008f20                _getpid_r
 .text.__swhatbuf_r
                0x0000000008008f24       0x4c C:/ST/STM32CubeIDE_1.14.0/STM32CubeIDE/plugins/com.st.stm32cube.ide.mcu.externaltools.gnu-tools-for-stm32.11.3.rel1.win32_1.1.100.202309141235/tools/bin/../lib/gcc/arm-none-eabi/11.3.1/../../../../arm-none-eabi/lib/thumb/v7e-m+fp/hard\libc_nano.a(libc_a-makebuf.o)
                0x0000000008008f24                __swhatbuf_r
 .text.__smakebuf_r
                0x0000000008008f70       0x78 C:/ST/STM32CubeIDE_1.14.0/STM32CubeIDE/plugins/com.st.stm32cube.ide.mcu.externaltools.gnu-tools-for-stm32.11.3.rel1.win32_1.1.100.202309141235/tools/bin/../lib/gcc/arm-none-eabi/11.3.1/../../../../arm-none-eabi/lib/thumb/v7e-m+fp/hard\libc_nano.a(libc_a-makebuf.o)
                0x0000000008008f70                __smakebuf_r
 .text._fstat_r
                0x0000000008008fe8       0x24 C:/ST/STM32CubeIDE_1.14.0/STM32CubeIDE/plugins/com.st.stm32cube.ide.mcu.externaltools.gnu-tools-for-stm32.11.3.rel1.win32_1.1.100.202309141235/tools/bin/../lib/gcc/arm-none-eabi/11.3.1/../../../../arm-none-eabi/lib/thumb/v7e-m+fp/hard\libc_nano.a(libc_a-fstatr.o)
                0x0000000008008fe8                _fstat_r
 .text._isatty_r
                0x000000000800900c       0x20 C:/ST/STM32CubeIDE_1.14.0/STM32CubeIDE/plugins/com.st.stm32cube.ide.mcu.externaltools.gnu-tools-for-stm32.11.3.rel1.win32_1.1.100.202309141235/tools/bin/../lib/gcc/arm-none-eabi/11.3.1/../../../../arm-none-eabi/lib/thumb/v7e-m+fp/hard\libc_nano.a(libc_a-isattyr.o)
                0x000000000800900c                _isatty_r
 *(.glue_7)
 .glue_7        0x000000000800902c        0x0 linker stubs
 *(.glue_7t)
 .glue_7t       0x000000000800902c        0x0 linker stubs
 *(.eh_frame)
 .eh_frame      0x000000000800902c        0x0 C:/ST/STM32CubeIDE_1.14.0/STM32CubeIDE/plugins/com.st.stm32cube.ide.mcu.externaltools.gnu-tools-for-stm32.11.3.rel1.win32_1.1.100.202309141235/tools/bin/../lib/gcc/arm-none-eabi/11.3.1/thumb/v7e-m+fp/hard/crtbegin.o
 *(.init)
 .init          0x000000000800902c        0x4 C:/ST/STM32CubeIDE_1.14.0/STM32CubeIDE/plugins/com.st.stm32cube.ide.mcu.externaltools.gnu-tools-for-stm32.11.3.rel1.win32_1.1.100.202309141235/tools/bin/../lib/gcc/arm-none-eabi/11.3.1/thumb/v7e-m+fp/hard/crti.o
                0x000000000800902c                _init
 .init          0x0000000008009030        0x8 C:/ST/STM32CubeIDE_1.14.0/STM32CubeIDE/plugins/com.st.stm32cube.ide.mcu.externaltools.gnu-tools-for-stm32.11.3.rel1.win32_1.1.100.202309141235/tools/bin/../lib/gcc/arm-none-eabi/11.3.1/thumb/v7e-m+fp/hard/crtn.o
 *(.fini)
 .fini          0x0000000008009038        0x4 C:/ST/STM32CubeIDE_1.14.0/STM32CubeIDE/plugins/com.st.stm32cube.ide.mcu.externaltools.gnu-tools-for-stm32.11.3.rel1.win32_1.1.100.202309141235/tools/bin/../lib/gcc/arm-none-eabi/11.3.1/thumb/v7e-m+fp/hard/crti.o
                0x0000000008009038                _fini
 .fini          0x000000000800903c        0x8 C:/ST/STM32CubeIDE_1.14.0/STM32CubeIDE/plugins/com.st.stm32cube.ide.mcu.externaltools.gnu-tools-for-stm32.11.3.rel1.win32_1.1.100.202309141235/tools/bin/../lib/gcc/arm-none-eabi/11.3.1/thumb/v7e-m+fp/hard/crtn.o
                0x0000000008009044                . = ALIGN (0x4)
                0x0000000008009044                _etext = .

.vfp11_veneer   0x0000000008009044        0x0
 .vfp11_veneer  0x0000000008009044        0x0 linker stubs

.v4_bx          0x0000000008009044        0x0
 .v4_bx         0x0000000008009044        0x0 linker stubs

.iplt           0x0000000008009044        0x0
 .iplt          0x0000000008009044        0x0 C:/ST/STM32CubeIDE_1.14.0/STM32CubeIDE/plugins/com.st.stm32cube.ide.mcu.externaltools.gnu-tools-for-stm32.11.3.rel1.win32_1.1.100.202309141235/tools/bin/../lib/gcc/arm-none-eabi/11.3.1/thumb/v7e-m+fp/hard/crtbegin.o

.rodata         0x0000000008009044      0x10c
                0x0000000008009044                . = ALIGN (0x4)
 *(.rodata)
 .rodata        0x0000000008009044        0xa ./Core/Src/main.o
 *(.rodata*)
 *fill*         0x000000000800904e        0x2 
 .rodata.AHBPrescTable
                0x0000000008009050       0x10 ./Core/Src/system_stm32f7xx.o
                0x0000000008009050                AHBPrescTable
 .rodata.APBPrescTable
                0x0000000008009060        0x8 ./Core/Src/system_stm32f7xx.o
                0x0000000008009060                APBPrescTable
 .rodata.flagBitshiftOffset.0
                0x0000000008009068        0x8 ./Drivers/STM32F7xx_HAL_Driver/Src/stm32f7xx_hal_dma.o
 .rodata.srand.str1.1
                0x0000000008009070       0x6f C:/ST/STM32CubeIDE_1.14.0/STM32CubeIDE/plugins/com.st.stm32cube.ide.mcu.externaltools.gnu-tools-for-stm32.11.3.rel1.win32_1.1.100.202309141235/tools/bin/../lib/gcc/arm-none-eabi/11.3.1/../../../../arm-none-eabi/lib/thumb/v7e-m+fp/hard\libc_nano.a(libc_a-rand.o)
 .rodata.__assert_func.str1.1
                0x00000000080090df       0x3c C:/ST/STM32CubeIDE_1.14.0/STM32CubeIDE/plugins/com.st.stm32cube.ide.mcu.externaltools.gnu-tools-for-stm32.11.3.rel1.win32_1.1.100.202309141235/tools/bin/../lib/gcc/arm-none-eabi/11.3.1/../../../../arm-none-eabi/lib/thumb/v7e-m+fp/hard\libc_nano.a(libc_a-assert.o)
                                         0x3d (size before relaxing)
 .rodata._vfprintf_r.str1.1
                0x000000000800911b       0x11 C:/ST/STM32CubeIDE_1.14.0/STM32CubeIDE/plugins/com.st.stm32cube.ide.mcu.externaltools.gnu-tools-for-stm32.11.3.rel1.win32_1.1.100.202309141235/tools/bin/../lib/gcc/arm-none-eabi/11.3.1/../../../../arm-none-eabi/lib/thumb/v7e-m+fp/hard\libc_nano.a(libc_a-nano-vfprintf.o)
 .rodata._printf_i.str1.1
                0x000000000800912c       0x22 C:/ST/STM32CubeIDE_1.14.0/STM32CubeIDE/plugins/com.st.stm32cube.ide.mcu.externaltools.gnu-tools-for-stm32.11.3.rel1.win32_1.1.100.202309141235/tools/bin/../lib/gcc/arm-none-eabi/11.3.1/../../../../arm-none-eabi/lib/thumb/v7e-m+fp/hard\libc_nano.a(libc_a-nano-vfprintf_i.o)
                0x0000000008009150                . = ALIGN (0x4)
 *fill*         0x000000000800914e        0x2 

.ARM.extab      0x0000000008009150        0x0
                0x0000000008009150                . = ALIGN (0x4)
 *(.ARM.extab* .gnu.linkonce.armextab.*)
                0x0000000008009150                . = ALIGN (0x4)

.ARM            0x0000000008009150        0x8
                0x0000000008009150                . = ALIGN (0x4)
                0x0000000008009150                __exidx_start = .
 *(.ARM.exidx*)
 .ARM.exidx     0x0000000008009150        0x8 C:/ST/STM32CubeIDE_1.14.0/STM32CubeIDE/plugins/com.st.stm32cube.ide.mcu.externaltools.gnu-tools-for-stm32.11.3.rel1.win32_1.1.100.202309141235/tools/bin/../lib/gcc/arm-none-eabi/11.3.1/thumb/v7e-m+fp/hard\libgcc.a(_udivmoddi4.o)
                0x0000000008009158                __exidx_end = .
                0x0000000008009158                . = ALIGN (0x4)

.rel.dyn        0x0000000008009158        0x0
 .rel.iplt      0x0000000008009158        0x0 C:/ST/STM32CubeIDE_1.14.0/STM32CubeIDE/plugins/com.st.stm32cube.ide.mcu.externaltools.gnu-tools-for-stm32.11.3.rel1.win32_1.1.100.202309141235/tools/bin/../lib/gcc/arm-none-eabi/11.3.1/thumb/v7e-m+fp/hard/crtbegin.o

.preinit_array  0x0000000008009158        0x0
                0x0000000008009158                . = ALIGN (0x4)
                0x0000000008009158                PROVIDE (__preinit_array_start = .)
 *(.preinit_array*)
                0x0000000008009158                PROVIDE (__preinit_array_end = .)
                0x0000000008009158                . = ALIGN (0x4)

.init_array     0x0000000008009158        0x4
                0x0000000008009158                . = ALIGN (0x4)
                0x0000000008009158                PROVIDE (__init_array_start = .)
 *(SORT_BY_NAME(.init_array.*))
 *(.init_array*)
 .init_array    0x0000000008009158        0x4 C:/ST/STM32CubeIDE_1.14.0/STM32CubeIDE/plugins/com.st.stm32cube.ide.mcu.externaltools.gnu-tools-for-stm32.11.3.rel1.win32_1.1.100.202309141235/tools/bin/../lib/gcc/arm-none-eabi/11.3.1/thumb/v7e-m+fp/hard/crtbegin.o
                0x000000000800915c                PROVIDE (__init_array_end = .)
                0x000000000800915c                . = ALIGN (0x4)

.fini_array     0x000000000800915c        0x4
                0x000000000800915c                . = ALIGN (0x4)
                [!provide]                        PROVIDE (__fini_array_start = .)
 *(SORT_BY_NAME(.fini_array.*))
 *(.fini_array*)
 .fini_array    0x000000000800915c        0x4 C:/ST/STM32CubeIDE_1.14.0/STM32CubeIDE/plugins/com.st.stm32cube.ide.mcu.externaltools.gnu-tools-for-stm32.11.3.rel1.win32_1.1.100.202309141235/tools/bin/../lib/gcc/arm-none-eabi/11.3.1/thumb/v7e-m+fp/hard/crtbegin.o
                [!provide]                        PROVIDE (__fini_array_end = .)
                0x0000000008009160                . = ALIGN (0x4)
                0x0000000008009160                _sidata = LOADADDR (.data)

.data           0x0000000020000000      0x2b8 load address 0x0000000008009160
                0x0000000020000000                . = ALIGN (0x4)
                0x0000000020000000                _sdata = .
 *(.data)
 *(.data*)
 .data.last_piece_type.0
                0x0000000020000000        0x1 ./Core/Src/board.o
 *fill*         0x0000000020000001        0x3 
 .data.i_piece.6
                0x0000000020000004       0x54 ./Core/Src/pieces.o
 .data.j_piece.5
                0x0000000020000058       0x54 ./Core/Src/pieces.o
 .data.l_piece.4
                0x00000000200000ac       0x54 ./Core/Src/pieces.o
 .data.o_piece.3
                0x0000000020000100       0x54 ./Core/Src/pieces.o
 .data.s_piece.2
                0x0000000020000154       0x54 ./Core/Src/pieces.o
 .data.z_piece.1
                0x00000000200001a8       0x54 ./Core/Src/pieces.o
 .data.t_piece.0
                0x00000000200001fc       0x54 ./Core/Src/pieces.o
 .data.SystemCoreClock
                0x0000000020000250        0x4 ./Core/Src/system_stm32f7xx.o
                0x0000000020000250                SystemCoreClock
 .data.uwTickPrio
                0x0000000020000254        0x4 ./Drivers/STM32F7xx_HAL_Driver/Src/stm32f7xx_hal.o
                0x0000000020000254                uwTickPrio
 .data.uwTickFreq
                0x0000000020000258        0x1 ./Drivers/STM32F7xx_HAL_Driver/Src/stm32f7xx_hal.o
                0x0000000020000258                uwTickFreq
 *fill*         0x0000000020000259        0x3 
 .data.__sglue  0x000000002000025c        0xc C:/ST/STM32CubeIDE_1.14.0/STM32CubeIDE/plugins/com.st.stm32cube.ide.mcu.externaltools.gnu-tools-for-stm32.11.3.rel1.win32_1.1.100.202309141235/tools/bin/../lib/gcc/arm-none-eabi/11.3.1/../../../../arm-none-eabi/lib/thumb/v7e-m+fp/hard\libc_nano.a(libc_a-findfp.o)
                0x000000002000025c                __sglue
 .data._impure_data
                0x0000000020000268       0x4c C:/ST/STM32CubeIDE_1.14.0/STM32CubeIDE/plugins/com.st.stm32cube.ide.mcu.externaltools.gnu-tools-for-stm32.11.3.rel1.win32_1.1.100.202309141235/tools/bin/../lib/gcc/arm-none-eabi/11.3.1/../../../../arm-none-eabi/lib/thumb/v7e-m+fp/hard\libc_nano.a(libc_a-impure.o)
                0x0000000020000268                _impure_data
 .data._impure_ptr
                0x00000000200002b4        0x4 C:/ST/STM32CubeIDE_1.14.0/STM32CubeIDE/plugins/com.st.stm32cube.ide.mcu.externaltools.gnu-tools-for-stm32.11.3.rel1.win32_1.1.100.202309141235/tools/bin/../lib/gcc/arm-none-eabi/11.3.1/../../../../arm-none-eabi/lib/thumb/v7e-m+fp/hard\libc_nano.a(libc_a-impure.o)
                0x00000000200002b4                _impure_ptr
 *(.RamFunc)
 *(.RamFunc*)
                0x00000000200002b8                . = ALIGN (0x4)
                0x00000000200002b8                _edata = .

.igot.plt       0x00000000200002b8        0x0 load address 0x0000000008009418
 .igot.plt      0x00000000200002b8        0x0 C:/ST/STM32CubeIDE_1.14.0/STM32CubeIDE/plugins/com.st.stm32cube.ide.mcu.externaltools.gnu-tools-for-stm32.11.3.rel1.win32_1.1.100.202309141235/tools/bin/../lib/gcc/arm-none-eabi/11.3.1/thumb/v7e-m+fp/hard/crtbegin.o
                0x00000000200002b8                . = ALIGN (0x4)

.bss            0x00000000200002b8      0x66c load address 0x0000000008009418
                0x00000000200002b8                _sbss = .
                0x00000000200002b8                __bss_start__ = _sbss
 *(.bss)
 .bss           0x00000000200002b8       0x1c C:/ST/STM32CubeIDE_1.14.0/STM32CubeIDE/plugins/com.st.stm32cube.ide.mcu.externaltools.gnu-tools-for-stm32.11.3.rel1.win32_1.1.100.202309141235/tools/bin/../lib/gcc/arm-none-eabi/11.3.1/thumb/v7e-m+fp/hard/crtbegin.o
 *(.bss*)
 .bss.user_input
                0x00000000200002d4        0x4 ./Core/Src/board.o
                0x00000000200002d4                user_input
 .bss.hadc1     0x00000000200002d8       0x48 ./Core/Src/main.o
                0x00000000200002d8                hadc1
 .bss.hadc3     0x0000000020000320       0x48 ./Core/Src/main.o
                0x0000000020000320                hadc3
 .bss.hdma_adc1
                0x0000000020000368       0x60 ./Core/Src/main.o
                0x0000000020000368                hdma_adc1
 .bss.hdma_adc3
                0x00000000200003c8       0x60 ./Core/Src/main.o
                0x00000000200003c8                hdma_adc3
 .bss.hcan1     0x0000000020000428       0x28 ./Core/Src/main.o
                0x0000000020000428                hcan1
 .bss.hcan2     0x0000000020000450       0x28 ./Core/Src/main.o
                0x0000000020000450                hcan2
 .bss.hsd1      0x0000000020000478       0x84 ./Core/Src/main.o
                0x0000000020000478                hsd1
 .bss.htim2     0x00000000200004fc       0x4c ./Core/Src/main.o
                0x00000000200004fc                htim2
 .bss.htim4     0x0000000020000548       0x4c ./Core/Src/main.o
                0x0000000020000548                htim4
 .bss.htim7     0x0000000020000594       0x4c ./Core/Src/main.o
                0x0000000020000594                htim7
 .bss.huart4    0x00000000200005e0       0x88 ./Core/Src/main.o
                0x00000000200005e0                huart4
 .bss.huart7    0x0000000020000668       0x88 ./Core/Src/main.o
                0x0000000020000668                huart7
 .bss.huart3    0x00000000200006f0       0x88 ./Core/Src/main.o
                0x00000000200006f0                huart3
 .bss.hsram1    0x0000000020000778       0x4c ./Core/Src/main.o
                0x0000000020000778                hsram1
 .bss.HAL_RCC_CAN1_CLK_ENABLED
                0x00000000200007c4        0x4 ./Core/Src/stm32f7xx_hal_msp.o
 .bss.FMC_Initialized
                0x00000000200007c8        0x4 ./Core/Src/stm32f7xx_hal_msp.o
 .bss.__sbrk_heap_end
                0x00000000200007cc        0x4 ./Core/Src/sysmem.o
 .bss.gui       0x00000000200007d0        0x4 ./Core/Src/ugui.o
 .bss.uwTick    0x00000000200007d4        0x4 ./Drivers/STM32F7xx_HAL_Driver/Src/stm32f7xx_hal.o
                0x00000000200007d4                uwTick
 .bss.__sf      0x00000000200007d8      0x138 C:/ST/STM32CubeIDE_1.14.0/STM32CubeIDE/plugins/com.st.stm32cube.ide.mcu.externaltools.gnu-tools-for-stm32.11.3.rel1.win32_1.1.100.202309141235/tools/bin/../lib/gcc/arm-none-eabi/11.3.1/../../../../arm-none-eabi/lib/thumb/v7e-m+fp/hard\libc_nano.a(libc_a-findfp.o)
                0x00000000200007d8                __sf
 .bss.__stdio_exit_handler
                0x0000000020000910        0x4 C:/ST/STM32CubeIDE_1.14.0/STM32CubeIDE/plugins/com.st.stm32cube.ide.mcu.externaltools.gnu-tools-for-stm32.11.3.rel1.win32_1.1.100.202309141235/tools/bin/../lib/gcc/arm-none-eabi/11.3.1/../../../../arm-none-eabi/lib/thumb/v7e-m+fp/hard\libc_nano.a(libc_a-findfp.o)
                0x0000000020000910                __stdio_exit_handler
 .bss.errno     0x0000000020000914        0x4 C:/ST/STM32CubeIDE_1.14.0/STM32CubeIDE/plugins/com.st.stm32cube.ide.mcu.externaltools.gnu-tools-for-stm32.11.3.rel1.win32_1.1.100.202309141235/tools/bin/../lib/gcc/arm-none-eabi/11.3.1/../../../../arm-none-eabi/lib/thumb/v7e-m+fp/hard\libc_nano.a(libc_a-reent.o)
                0x0000000020000914                errno
 .bss.__lock___malloc_recursive_mutex
                0x0000000020000918        0x1 C:/ST/STM32CubeIDE_1.14.0/STM32CubeIDE/plugins/com.st.stm32cube.ide.mcu.externaltools.gnu-tools-for-stm32.11.3.rel1.win32_1.1.100.202309141235/tools/bin/../lib/gcc/arm-none-eabi/11.3.1/../../../../arm-none-eabi/lib/thumb/v7e-m+fp/hard\libc_nano.a(libc_a-lock.o)
                0x0000000020000918                __lock___malloc_recursive_mutex
 .bss.__lock___sfp_recursive_mutex
                0x0000000020000919        0x1 C:/ST/STM32CubeIDE_1.14.0/STM32CubeIDE/plugins/com.st.stm32cube.ide.mcu.externaltools.gnu-tools-for-stm32.11.3.rel1.win32_1.1.100.202309141235/tools/bin/../lib/gcc/arm-none-eabi/11.3.1/../../../../arm-none-eabi/lib/thumb/v7e-m+fp/hard\libc_nano.a(libc_a-lock.o)
                0x0000000020000919                __lock___sfp_recursive_mutex
 *fill*         0x000000002000091a        0x2 
 .bss.__malloc_free_list
                0x000000002000091c        0x4 C:/ST/STM32CubeIDE_1.14.0/STM32CubeIDE/plugins/com.st.stm32cube.ide.mcu.externaltools.gnu-tools-for-stm32.11.3.rel1.win32_1.1.100.202309141235/tools/bin/../lib/gcc/arm-none-eabi/11.3.1/../../../../arm-none-eabi/lib/thumb/v7e-m+fp/hard\libc_nano.a(libc_a-mallocr.o)
                0x000000002000091c                __malloc_free_list
 .bss.__malloc_sbrk_start
                0x0000000020000920        0x4 C:/ST/STM32CubeIDE_1.14.0/STM32CubeIDE/plugins/com.st.stm32cube.ide.mcu.externaltools.gnu-tools-for-stm32.11.3.rel1.win32_1.1.100.202309141235/tools/bin/../lib/gcc/arm-none-eabi/11.3.1/../../../../arm-none-eabi/lib/thumb/v7e-m+fp/hard\libc_nano.a(libc_a-mallocr.o)
                0x0000000020000920                __malloc_sbrk_start
 *(COMMON)
                0x0000000020000924                . = ALIGN (0x4)
                0x0000000020000924                _ebss = .
                0x0000000020000924                __bss_end__ = _ebss

._user_heap_stack
                0x0000000020000924      0x604 load address 0x0000000008009418
                0x0000000020000928                . = ALIGN (0x8)
 *fill*         0x0000000020000924        0x4 
                [!provide]                        PROVIDE (end = .)
                0x0000000020000928                PROVIDE (_end = .)
                0x0000000020000b28                . = (. + _Min_Heap_Size)
 *fill*         0x0000000020000928      0x200 
                0x0000000020000f28                . = (. + _Min_Stack_Size)
 *fill*         0x0000000020000b28      0x400 
                0x0000000020000f28                . = ALIGN (0x8)

/DISCARD/
 libc.a(*)
 libm.a(*)
 libgcc.a(*)

.ARM.attributes
                0x0000000000000000       0x30
 *(.ARM.attributes)
 .ARM.attributes
                0x0000000000000000       0x1e C:/ST/STM32CubeIDE_1.14.0/STM32CubeIDE/plugins/com.st.stm32cube.ide.mcu.externaltools.gnu-tools-for-stm32.11.3.rel1.win32_1.1.100.202309141235/tools/bin/../lib/gcc/arm-none-eabi/11.3.1/thumb/v7e-m+fp/hard/crti.o
 .ARM.attributes
                0x000000000000001e       0x34 C:/ST/STM32CubeIDE_1.14.0/STM32CubeIDE/plugins/com.st.stm32cube.ide.mcu.externaltools.gnu-tools-for-stm32.11.3.rel1.win32_1.1.100.202309141235/tools/bin/../lib/gcc/arm-none-eabi/11.3.1/thumb/v7e-m+fp/hard/crtbegin.o
 .ARM.attributes
                0x0000000000000052       0x34 ./Core/Src/board.o
 .ARM.attributes
                0x0000000000000086       0x34 ./Core/Src/main.o
 .ARM.attributes
                0x00000000000000ba       0x34 ./Core/Src/pieces.o
 .ARM.attributes
                0x00000000000000ee       0x34 ./Core/Src/stm32f7xx_hal_msp.o
 .ARM.attributes
                0x0000000000000122       0x34 ./Core/Src/stm32f7xx_it.o
 .ARM.attributes
                0x0000000000000156       0x34 ./Core/Src/syscalls.o
 .ARM.attributes
                0x000000000000018a       0x34 ./Core/Src/sysmem.o
 .ARM.attributes
                0x00000000000001be       0x34 ./Core/Src/system_stm32f7xx.o
 .ARM.attributes
                0x00000000000001f2       0x34 ./Core/Src/tetris.o
 .ARM.attributes
                0x0000000000000226       0x34 ./Core/Src/ugui.o
 .ARM.attributes
                0x000000000000025a       0x34 ./Core/Src/ugui_SSD1963.o
 .ARM.attributes
                0x000000000000028e       0x21 ./Core/Startup/startup_stm32f746zgtx.o
 .ARM.attributes
                0x00000000000002af       0x34 ./Drivers/STM32F7xx_HAL_Driver/Src/stm32f7xx_hal.o
 .ARM.attributes
                0x00000000000002e3       0x34 ./Drivers/STM32F7xx_HAL_Driver/Src/stm32f7xx_hal_adc.o
 .ARM.attributes
                0x0000000000000317       0x34 ./Drivers/STM32F7xx_HAL_Driver/Src/stm32f7xx_hal_can.o
 .ARM.attributes
                0x000000000000034b       0x34 ./Drivers/STM32F7xx_HAL_Driver/Src/stm32f7xx_hal_cortex.o
 .ARM.attributes
                0x000000000000037f       0x34 ./Drivers/STM32F7xx_HAL_Driver/Src/stm32f7xx_hal_dma.o
 .ARM.attributes
                0x00000000000003b3       0x34 ./Drivers/STM32F7xx_HAL_Driver/Src/stm32f7xx_hal_gpio.o
 .ARM.attributes
                0x00000000000003e7       0x34 ./Drivers/STM32F7xx_HAL_Driver/Src/stm32f7xx_hal_pwr_ex.o
 .ARM.attributes
                0x000000000000041b       0x34 ./Drivers/STM32F7xx_HAL_Driver/Src/stm32f7xx_hal_rcc.o
 .ARM.attributes
                0x000000000000044f       0x34 ./Drivers/STM32F7xx_HAL_Driver/Src/stm32f7xx_hal_rcc_ex.o
 .ARM.attributes
                0x0000000000000483       0x34 ./Drivers/STM32F7xx_HAL_Driver/Src/stm32f7xx_hal_sd.o
 .ARM.attributes
                0x00000000000004b7       0x34 ./Drivers/STM32F7xx_HAL_Driver/Src/stm32f7xx_hal_sram.o
 .ARM.attributes
                0x00000000000004eb       0x34 ./Drivers/STM32F7xx_HAL_Driver/Src/stm32f7xx_hal_tim.o
 .ARM.attributes
                0x000000000000051f       0x34 ./Drivers/STM32F7xx_HAL_Driver/Src/stm32f7xx_hal_tim_ex.o
 .ARM.attributes
                0x0000000000000553       0x34 ./Drivers/STM32F7xx_HAL_Driver/Src/stm32f7xx_hal_uart.o
 .ARM.attributes
                0x0000000000000587       0x34 ./Drivers/STM32F7xx_HAL_Driver/Src/stm32f7xx_ll_fmc.o
 .ARM.attributes
                0x00000000000005bb       0x34 ./Drivers/STM32F7xx_HAL_Driver/Src/stm32f7xx_ll_sdmmc.o
 .ARM.attributes
                0x00000000000005ef       0x34 C:/ST/STM32CubeIDE_1.14.0/STM32CubeIDE/plugins/com.st.stm32cube.ide.mcu.externaltools.gnu-tools-for-stm32.11.3.rel1.win32_1.1.100.202309141235/tools/bin/../lib/gcc/arm-none-eabi/11.3.1/../../../../arm-none-eabi/lib/thumb/v7e-m+fp/hard\libc_nano.a(libc_a-rand.o)
 .ARM.attributes
                0x0000000000000623       0x34 C:/ST/STM32CubeIDE_1.14.0/STM32CubeIDE/plugins/com.st.stm32cube.ide.mcu.externaltools.gnu-tools-for-stm32.11.3.rel1.win32_1.1.100.202309141235/tools/bin/../lib/gcc/arm-none-eabi/11.3.1/../../../../arm-none-eabi/lib/thumb/v7e-m+fp/hard\libc_nano.a(libc_a-findfp.o)
 .ARM.attributes
                0x0000000000000657       0x34 C:/ST/STM32CubeIDE_1.14.0/STM32CubeIDE/plugins/com.st.stm32cube.ide.mcu.externaltools.gnu-tools-for-stm32.11.3.rel1.win32_1.1.100.202309141235/tools/bin/../lib/gcc/arm-none-eabi/11.3.1/../../../../arm-none-eabi/lib/thumb/v7e-m+fp/hard\libc_nano.a(libc_a-fwalk.o)
 .ARM.attributes
                0x000000000000068b       0x34 C:/ST/STM32CubeIDE_1.14.0/STM32CubeIDE/plugins/com.st.stm32cube.ide.mcu.externaltools.gnu-tools-for-stm32.11.3.rel1.win32_1.1.100.202309141235/tools/bin/../lib/gcc/arm-none-eabi/11.3.1/../../../../arm-none-eabi/lib/thumb/v7e-m+fp/hard\libc_nano.a(libc_a-stdio.o)
 .ARM.attributes
                0x00000000000006bf       0x34 C:/ST/STM32CubeIDE_1.14.0/STM32CubeIDE/plugins/com.st.stm32cube.ide.mcu.externaltools.gnu-tools-for-stm32.11.3.rel1.win32_1.1.100.202309141235/tools/bin/../lib/gcc/arm-none-eabi/11.3.1/../../../../arm-none-eabi/lib/thumb/v7e-m+fp/hard\libc_nano.a(libc_a-memset.o)
 .ARM.attributes
                0x00000000000006f3       0x34 C:/ST/STM32CubeIDE_1.14.0/STM32CubeIDE/plugins/com.st.stm32cube.ide.mcu.externaltools.gnu-tools-for-stm32.11.3.rel1.win32_1.1.100.202309141235/tools/bin/../lib/gcc/arm-none-eabi/11.3.1/../../../../arm-none-eabi/lib/thumb/v7e-m+fp/hard\libc_nano.a(libc_a-closer.o)
 .ARM.attributes
                0x0000000000000727       0x34 C:/ST/STM32CubeIDE_1.14.0/STM32CubeIDE/plugins/com.st.stm32cube.ide.mcu.externaltools.gnu-tools-for-stm32.11.3.rel1.win32_1.1.100.202309141235/tools/bin/../lib/gcc/arm-none-eabi/11.3.1/../../../../arm-none-eabi/lib/thumb/v7e-m+fp/hard\libc_nano.a(libc_a-reent.o)
 .ARM.attributes
                0x000000000000075b       0x34 C:/ST/STM32CubeIDE_1.14.0/STM32CubeIDE/plugins/com.st.stm32cube.ide.mcu.externaltools.gnu-tools-for-stm32.11.3.rel1.win32_1.1.100.202309141235/tools/bin/../lib/gcc/arm-none-eabi/11.3.1/../../../../arm-none-eabi/lib/thumb/v7e-m+fp/hard\libc_nano.a(libc_a-impure.o)
 .ARM.attributes
                0x000000000000078f       0x34 C:/ST/STM32CubeIDE_1.14.0/STM32CubeIDE/plugins/com.st.stm32cube.ide.mcu.externaltools.gnu-tools-for-stm32.11.3.rel1.win32_1.1.100.202309141235/tools/bin/../lib/gcc/arm-none-eabi/11.3.1/../../../../arm-none-eabi/lib/thumb/v7e-m+fp/hard\libc_nano.a(libc_a-lseekr.o)
 .ARM.attributes
                0x00000000000007c3       0x34 C:/ST/STM32CubeIDE_1.14.0/STM32CubeIDE/plugins/com.st.stm32cube.ide.mcu.externaltools.gnu-tools-for-stm32.11.3.rel1.win32_1.1.100.202309141235/tools/bin/../lib/gcc/arm-none-eabi/11.3.1/../../../../arm-none-eabi/lib/thumb/v7e-m+fp/hard\libc_nano.a(libc_a-readr.o)
 .ARM.attributes
                0x00000000000007f7       0x34 C:/ST/STM32CubeIDE_1.14.0/STM32CubeIDE/plugins/com.st.stm32cube.ide.mcu.externaltools.gnu-tools-for-stm32.11.3.rel1.win32_1.1.100.202309141235/tools/bin/../lib/gcc/arm-none-eabi/11.3.1/../../../../arm-none-eabi/lib/thumb/v7e-m+fp/hard\libc_nano.a(libc_a-writer.o)
 .ARM.attributes
                0x000000000000082b       0x34 C:/ST/STM32CubeIDE_1.14.0/STM32CubeIDE/plugins/com.st.stm32cube.ide.mcu.externaltools.gnu-tools-for-stm32.11.3.rel1.win32_1.1.100.202309141235/tools/bin/../lib/gcc/arm-none-eabi/11.3.1/../../../../arm-none-eabi/lib/thumb/v7e-m+fp/hard\libc_nano.a(libc_a-errno.o)
 .ARM.attributes
                0x000000000000085f       0x34 C:/ST/STM32CubeIDE_1.14.0/STM32CubeIDE/plugins/com.st.stm32cube.ide.mcu.externaltools.gnu-tools-for-stm32.11.3.rel1.win32_1.1.100.202309141235/tools/bin/../lib/gcc/arm-none-eabi/11.3.1/../../../../arm-none-eabi/lib/thumb/v7e-m+fp/hard\libc_nano.a(libc_a-init.o)
 .ARM.attributes
                0x0000000000000893       0x34 C:/ST/STM32CubeIDE_1.14.0/STM32CubeIDE/plugins/com.st.stm32cube.ide.mcu.externaltools.gnu-tools-for-stm32.11.3.rel1.win32_1.1.100.202309141235/tools/bin/../lib/gcc/arm-none-eabi/11.3.1/../../../../arm-none-eabi/lib/thumb/v7e-m+fp/hard\libc_nano.a(libc_a-lock.o)
 .ARM.attributes
                0x00000000000008c7       0x34 C:/ST/STM32CubeIDE_1.14.0/STM32CubeIDE/plugins/com.st.stm32cube.ide.mcu.externaltools.gnu-tools-for-stm32.11.3.rel1.win32_1.1.100.202309141235/tools/bin/../lib/gcc/arm-none-eabi/11.3.1/../../../../arm-none-eabi/lib/thumb/v7e-m+fp/hard\libc_nano.a(libc_a-assert.o)
 .ARM.attributes
                0x00000000000008fb       0x34 C:/ST/STM32CubeIDE_1.14.0/STM32CubeIDE/plugins/com.st.stm32cube.ide.mcu.externaltools.gnu-tools-for-stm32.11.3.rel1.win32_1.1.100.202309141235/tools/bin/../lib/gcc/arm-none-eabi/11.3.1/../../../../arm-none-eabi/lib/thumb/v7e-m+fp/hard\libc_nano.a(libc_a-freer.o)
 .ARM.attributes
                0x000000000000092f       0x34 C:/ST/STM32CubeIDE_1.14.0/STM32CubeIDE/plugins/com.st.stm32cube.ide.mcu.externaltools.gnu-tools-for-stm32.11.3.rel1.win32_1.1.100.202309141235/tools/bin/../lib/gcc/arm-none-eabi/11.3.1/../../../../arm-none-eabi/lib/thumb/v7e-m+fp/hard\libc_nano.a(libc_a-malloc.o)
 .ARM.attributes
                0x0000000000000963       0x34 C:/ST/STM32CubeIDE_1.14.0/STM32CubeIDE/plugins/com.st.stm32cube.ide.mcu.externaltools.gnu-tools-for-stm32.11.3.rel1.win32_1.1.100.202309141235/tools/bin/../lib/gcc/arm-none-eabi/11.3.1/../../../../arm-none-eabi/lib/thumb/v7e-m+fp/hard\libc_nano.a(libc_a-mallocr.o)
 .ARM.attributes
                0x0000000000000997       0x34 C:/ST/STM32CubeIDE_1.14.0/STM32CubeIDE/plugins/com.st.stm32cube.ide.mcu.externaltools.gnu-tools-for-stm32.11.3.rel1.win32_1.1.100.202309141235/tools/bin/../lib/gcc/arm-none-eabi/11.3.1/../../../../arm-none-eabi/lib/thumb/v7e-m+fp/hard\libc_nano.a(libc_a-mlock.o)
 .ARM.attributes
                0x00000000000009cb       0x34 C:/ST/STM32CubeIDE_1.14.0/STM32CubeIDE/plugins/com.st.stm32cube.ide.mcu.externaltools.gnu-tools-for-stm32.11.3.rel1.win32_1.1.100.202309141235/tools/bin/../lib/gcc/arm-none-eabi/11.3.1/../../../../arm-none-eabi/lib/thumb/v7e-m+fp/hard\libc_nano.a(libc_a-fflush.o)
 .ARM.attributes
                0x00000000000009ff       0x34 C:/ST/STM32CubeIDE_1.14.0/STM32CubeIDE/plugins/com.st.stm32cube.ide.mcu.externaltools.gnu-tools-for-stm32.11.3.rel1.win32_1.1.100.202309141235/tools/bin/../lib/gcc/arm-none-eabi/11.3.1/../../../../arm-none-eabi/lib/thumb/v7e-m+fp/hard\libc_nano.a(libc_a-fprintf.o)
 .ARM.attributes